Component: Arm Compiler for Embedded 6.19 Tool: armlink [5e73cb00]

==============================================================================

Section Cross References

    startup_stm32f429xx.o(STACK) refers (Special) to heapauxi.o(.text) for __use_two_region_memory
    startup_stm32f429xx.o(HEAP) refers (Special) to heapauxi.o(.text) for __use_two_region_memory
    startup_stm32f429xx.o(RESET) refers (Special) to heapauxi.o(.text) for __use_two_region_memory
    startup_stm32f429xx.o(RESET) refers to startup_stm32f429xx.o(STACK) for __initial_sp
    startup_stm32f429xx.o(RESET) refers to startup_stm32f429xx.o(.text) for Reset_Handler
    startup_stm32f429xx.o(RESET) refers to lto-llvm-3d926d.o(.text.NMI_Handler) for NMI_Handler
    startup_stm32f429xx.o(RESET) refers to lto-llvm-3d926d.o(.text.HardFault_Handler) for HardFault_Handler
    startup_stm32f429xx.o(RESET) refers to lto-llvm-3d926d.o(.text.MemManage_Handler) for MemManage_Handler
    startup_stm32f429xx.o(RESET) refers to lto-llvm-3d926d.o(.text.BusFault_Handler) for BusFault_Handler
    startup_stm32f429xx.o(RESET) refers to lto-llvm-3d926d.o(.text.UsageFault_Handler) for UsageFault_Handler
    startup_stm32f429xx.o(RESET) refers to lto-llvm-3d926d.o(.text.SVC_Handler) for SVC_Handler
    startup_stm32f429xx.o(RESET) refers to lto-llvm-3d926d.o(.text.DebugMon_Handler) for DebugMon_Handler
    startup_stm32f429xx.o(RESET) refers to lto-llvm-3d926d.o(.text.PendSV_Handler) for PendSV_Handler
    startup_stm32f429xx.o(RESET) refers to lto-llvm-3d926d.o(.text.SysTick_Handler) for SysTick_Handler
    startup_stm32f429xx.o(RESET) refers to lto-llvm-3d926d.o(.text.DMA1_Stream1_IRQHandler) for DMA1_Stream1_IRQHandler
    startup_stm32f429xx.o(RESET) refers to lto-llvm-3d926d.o(.text.DMA1_Stream3_IRQHandler) for DMA1_Stream3_IRQHandler
    startup_stm32f429xx.o(RESET) refers to lto-llvm-3d926d.o(.text.USART3_IRQHandler) for USART3_IRQHandler
    startup_stm32f429xx.o(RESET) refers to lto-llvm-3d926d.o(.text.DMA2_Stream6_IRQHandler) for DMA2_Stream6_IRQHandler
    startup_stm32f429xx.o(RESET) refers to lto-llvm-3d926d.o(.text.USART6_IRQHandler) for USART6_IRQHandler
    startup_stm32f429xx.o(.text) refers (Special) to heapauxi.o(.text) for __use_two_region_memory
    startup_stm32f429xx.o(.text) refers to lto-llvm-3d926d.o(.text.SystemInit) for SystemInit
    startup_stm32f429xx.o(.text) refers to __main.o(!!!main) for __main
    startup_stm32f429xx.o(.text) refers to startup_stm32f429xx.o(HEAP) for Heap_Mem
    startup_stm32f429xx.o(.text) refers to startup_stm32f429xx.o(STACK) for Stack_Mem
    __main.o(!!!main) refers to __rtentry.o(.ARM.Collect$$rtentry$$00000000) for __rt_entry
    __rtentry.o(.ARM.Collect$$rtentry$$00000000) refers (Special) to __rtentry2.o(.ARM.Collect$$rtentry$$0000000A) for __rt_entry_li
    __rtentry.o(.ARM.Collect$$rtentry$$00000000) refers (Special) to __rtentry2.o(.ARM.Collect$$rtentry$$0000000D) for __rt_entry_main
    __rtentry.o(.ARM.Collect$$rtentry$$00000000) refers (Special) to __rtentry2.o(.ARM.Collect$$rtentry$$0000000C) for __rt_entry_postli_1
    __rtentry.o(.ARM.Collect$$rtentry$$00000000) refers (Special) to __rtentry2.o(.ARM.Collect$$rtentry$$00000009) for __rt_entry_postsh_1
    __rtentry.o(.ARM.Collect$$rtentry$$00000000) refers (Special) to __rtentry2.o(.ARM.Collect$$rtentry$$00000002) for __rt_entry_presh_1
    __rtentry.o(.ARM.Collect$$rtentry$$00000000) refers (Special) to __rtentry4.o(.ARM.Collect$$rtentry$$00000004) for __rt_entry_sh
    __rtentry2.o(.ARM.Collect$$rtentry$$00000008) refers to boardinit2.o(.text) for _platform_post_stackheap_init
    __rtentry2.o(.ARM.Collect$$rtentry$$0000000A) refers to libinit.o(.ARM.Collect$$libinit$$00000000) for __rt_lib_init
    __rtentry2.o(.ARM.Collect$$rtentry$$0000000B) refers to boardinit3.o(.text) for _platform_post_lib_init
    __rtentry2.o(.ARM.Collect$$rtentry$$0000000D) refers to lto-llvm-3d926d.o(.text.main) for main
    __rtentry2.o(.ARM.Collect$$rtentry$$0000000D) refers to exit.o(.text) for exit
    __rtentry2.o(.ARM.exidx) refers to __rtentry2.o(.ARM.Collect$$rtentry$$00000001) for .ARM.Collect$$rtentry$$00000001
    __rtentry2.o(.ARM.exidx) refers to __rtentry2.o(.ARM.Collect$$rtentry$$00000008) for .ARM.Collect$$rtentry$$00000008
    __rtentry2.o(.ARM.exidx) refers to __rtentry2.o(.ARM.Collect$$rtentry$$0000000A) for .ARM.Collect$$rtentry$$0000000A
    __rtentry2.o(.ARM.exidx) refers to __rtentry2.o(.ARM.Collect$$rtentry$$0000000B) for .ARM.Collect$$rtentry$$0000000B
    __rtentry2.o(.ARM.exidx) refers to __rtentry2.o(.ARM.Collect$$rtentry$$0000000D) for .ARM.Collect$$rtentry$$0000000D
    __rtentry4.o(.ARM.Collect$$rtentry$$00000004) refers to sys_stackheap_outer.o(.text) for __user_setup_stackheap
    __rtentry4.o(.ARM.exidx) refers to __rtentry4.o(.ARM.Collect$$rtentry$$00000004) for .ARM.Collect$$rtentry$$00000004
    sys_stackheap_outer.o(.text) refers to libspace.o(.text) for __user_perproc_libspace
[...]
    lto-llvm-3d926d.o(.text.prvTimerTask) refers to lto-llvm-3d926d.o(.bss.pxCurrentTimerList) for pxCurrentTimerList
    lto-llvm-3d926d.o(.text.prvTimerTask) refers to lto-llvm-3d926d.o(.bss.prvSampleTimeNow.xLastTime) for prvSampleTimeNow.xLastTime
    lto-llvm-3d926d.o(.text.prvTimerTask) refers to lto-llvm-3d926d.o(.data.uxCriticalNesting) for uxCriticalNesting
    lto-llvm-3d926d.o(.text.prvTimerTask) refers to lto-llvm-3d926d.o(.bss.uxSchedulerSuspended) for uxSchedulerSuspended
    lto-llvm-3d926d.o(.text.prvTimerTask) refers to lto-llvm-3d926d.o(.bss.xTickCount) for xTickCount
    lto-llvm-3d926d.o(.text.prvTimerTask) refers to lto-llvm-3d926d.o(.bss.xTimerQueue) for xTimerQueue
    lto-llvm-3d926d.o(.text.prvTimerTask) refers to lto-llvm-3d926d.o(.bss.xSchedulerRunning) for xSchedulerRunning
    lto-llvm-3d926d.o(.text.prvTimerTask) refers to lto-llvm-3d926d.o(.text.xQueueGenericSend) for xQueueGenericSend
    lto-llvm-3d926d.o(.text.prvTimerTask) refers to lto-llvm-3d926d.o(.text.xTaskResumeAll) for xTaskResumeAll
    lto-llvm-3d926d.o(.text.prvTimerTask) refers to lto-llvm-3d926d.o(.bss.pxOverflowTimerList) for pxOverflowTimerList
    lto-llvm-3d926d.o(.text.prvTimerTask) refers to lto-llvm-3d926d.o(.bss.prvCheckForValidListAndQueue.xStaticTimerQueue) for prvCheckForValidListAndQueue.xStaticTimerQueue
    lto-llvm-3d926d.o(.text.prvTimerTask) refers to lto-llvm-3d926d.o(.bss.pxCurrentTCB) for pxCurrentTCB
    lto-llvm-3d926d.o(.text.prvTimerTask) refers to lto-llvm-3d926d.o(.bss.xSuspendedTaskList) for xSuspendedTaskList
    lto-llvm-3d926d.o(.text.prvTimerTask) refers to lto-llvm-3d926d.o(.bss.pxOverflowDelayedTaskList) for pxOverflowDelayedTaskList
    lto-llvm-3d926d.o(.text.prvTimerTask) refers to lto-llvm-3d926d.o(.bss.pxDelayedTaskList) for pxDelayedTaskList
    lto-llvm-3d926d.o(.text.prvTimerTask) refers to lto-llvm-3d926d.o(.bss.xNextTaskUnblockTime) for xNextTaskUnblockTime
    lto-llvm-3d926d.o(.text.prvTimerTask) refers to lto-llvm-3d926d.o(.text.prvUnlockQueue) for prvUnlockQueue
    lto-llvm-3d926d.o(.text.prvTimerTask) refers to rt_memcpy_v6.o(.text) for __aeabi_memcpy
    lto-llvm-3d926d.o(.text.prvTimerTask) refers to lto-llvm-3d926d.o(.text.xTaskRemoveFromEventList) for xTaskRemoveFromEventList
    lto-llvm-3d926d.o(.text.prvTimerTask) refers to lto-llvm-3d926d.o(.text.vPortFree) for vPortFree
    lto-llvm-3d926d.o(.ARM.exidx.text.prvTimerTask) refers to lto-llvm-3d926d.o(.text.prvTimerTask) for [Anonymous Symbol]
    lto-llvm-3d926d.o(.text.pvPortMalloc) refers to lto-llvm-3d926d.o(.bss.uxSchedulerSuspended) for uxSchedulerSuspended
    lto-llvm-3d926d.o(.text.pvPortMalloc) refers to lto-llvm-3d926d.o(.bss.xBlockAllocatedBit) for xBlockAllocatedBit
    lto-llvm-3d926d.o(.text.pvPortMalloc) refers to lto-llvm-3d926d.o(.bss.pxEnd) for pxEnd
    lto-llvm-3d926d.o(.text.pvPortMalloc) refers to lto-llvm-3d926d.o(.bss.ucHeap) for ucHeap
    lto-llvm-3d926d.o(.text.pvPortMalloc) refers to lto-llvm-3d926d.o(.bss.xStart) for xStart
    lto-llvm-3d926d.o(.text.pvPortMalloc) refers to lto-llvm-3d926d.o(.bss.xMinimumEverFreeBytesRemaining) for xMinimumEverFreeBytesRemaining
    lto-llvm-3d926d.o(.text.pvPortMalloc) refers to lto-llvm-3d926d.o(.bss.xFreeBytesRemaining) for xFreeBytesRemaining
    lto-llvm-3d926d.o(.text.pvPortMalloc) refers to lto-llvm-3d926d.o(.text.xTaskResumeAll) for xTaskResumeAll
    lto-llvm-3d926d.o(.text.pvPortMalloc) refers to lto-llvm-3d926d.o(.bss.xNumberOfSuccessfulAllocations) for xNumberOfSuccessfulAllocations
    lto-llvm-3d926d.o(.ARM.exidx.text.pvPortMalloc) refers to lto-llvm-3d926d.o(.text.pvPortMalloc) for [Anonymous Symbol]
    lto-llvm-3d926d.o(.text.vPortFree) refers to lto-llvm-3d926d.o(.bss.xBlockAllocatedBit) for xBlockAllocatedBit
    lto-llvm-3d926d.o(.text.vPortFree) refers to lto-llvm-3d926d.o(.bss.uxSchedulerSuspended) for uxSchedulerSuspended
    lto-llvm-3d926d.o(.text.vPortFree) refers to lto-llvm-3d926d.o(.bss.xFreeBytesRemaining) for xFreeBytesRemaining
    lto-llvm-3d926d.o(.text.vPortFree) refers to lto-llvm-3d926d.o(.bss.xStart) for xStart
    lto-llvm-3d926d.o(.text.vPortFree) refers to lto-llvm-3d926d.o(.bss.pxEnd) for pxEnd
    lto-llvm-3d926d.o(.text.vPortFree) refers to lto-llvm-3d926d.o(.bss.xNumberOfSuccessfulFrees) for xNumberOfSuccessfulFrees
    lto-llvm-3d926d.o(.text.vPortFree) refers to lto-llvm-3d926d.o(.text.xTaskResumeAll) for xTaskResumeAll
    lto-llvm-3d926d.o(.ARM.exidx.text.vPortFree) refers to lto-llvm-3d926d.o(.text.vPortFree) for [Anonymous Symbol]
    lto-llvm-3d926d.o(.text.prvTaskExitError) refers to lto-llvm-3d926d.o(.data.uxCriticalNesting) for uxCriticalNesting
    lto-llvm-3d926d.o(.ARM.exidx.text.prvTaskExitError) refers to lto-llvm-3d926d.o(.text.prvTaskExitError) for [Anonymous Symbol]
    lto-llvm-3d926d.o(.text.SVC_Handler) refers to lto-llvm-3d926d.o(.bss.pxCurrentTCB) for [Anonymous Symbol]
    lto-llvm-3d926d.o(.ARM.exidx.text.SVC_Handler) refers to lto-llvm-3d926d.o(.text.SVC_Handler) for [Anonymous Symbol]
    lto-llvm-3d926d.o(.ARM.exidx.text.vPortEnableVFP) refers to lto-llvm-3d926d.o(.text.vPortEnableVFP) for [Anonymous Symbol]
    lto-llvm-3d926d.o(.ARM.exidx.text.prvPortStartFirstTask) refers to lto-llvm-3d926d.o(.text.prvPortStartFirstTask) for [Anonymous Symbol]
    lto-llvm-3d926d.o(.text.PendSV_Handler) refers to lto-llvm-3d926d.o(.text.vTaskSwitchContext) for vTaskSwitchContext
    lto-llvm-3d926d.o(.text.PendSV_Handler) refers to lto-llvm-3d926d.o(.bss.pxCurrentTCB) for [Anonymous Symbol]
    lto-llvm-3d926d.o(.ARM.exidx.text.PendSV_Handler) refers to lto-llvm-3d926d.o(.text.PendSV_Handler) for [Anonymous Symbol]
    rt_memcpy_v6.o(.text) refers to rt_memcpy_w.o(.text) for __aeabi_memcpy4
    aeabi_memset4.o(.text) refers to rt_memclr_w.o(.text) for _memset_w
    aeabi_ldiv0_sigfpe.o(.text) refers to rt_div0.o(.text) for __rt_div0
    rt_div0.o(.text) refers to defsig_fpe_outer.o(.text) for __rt_SIGFPE
    defsig_fpe_outer.o(.text) refers to defsig_fpe_inner.o(.text) for __rt_SIGFPE_inner
    defsig_fpe_outer.o(.text) refers to defsig_exit.o(.text) for __sig_exit
    defsig_fpe_formal.o(.text) refers to rt_raise.o(.text) for __rt_raise


==============================================================================

Removing Unused input sections from the image.

    Removing lto-llvm-3d926d.o(.text), (0 bytes).
    Removing lto-llvm-3d926d.o(.ARM.exidx.text.taskSYN6288), (8 bytes).
    Removing lto-llvm-3d926d.o(.ARM.exidx.text.main), (8 bytes).
    Removing lto-llvm-3d926d.o(.text.fputc), (40 bytes).
    Removing lto-llvm-3d926d.o(.ARM.exidx.text.fputc), (8 bytes).
    Removing lto-llvm-3d926d.o(.ARM.exidx.text.NMI_Handler), (8 bytes).
    Removing lto-llvm-3d926d.o(.ARM.exidx.text.HardFault_Handler), (8 bytes).
    Removing lto-llvm-3d926d.o(.ARM.exidx.text.MemManage_Handler), (8 bytes).
    Removing lto-llvm-3d926d.o(.ARM.exidx.text.BusFault_Handler), (8 bytes).
    Removing lto-llvm-3d926d.o(.ARM.exidx.text.UsageFault_Handler), (8 bytes).
    Removing lto-llvm-3d926d.o(.ARM.exidx.text.DebugMon_Handler), (8 bytes).
    Removing lto-llvm-3d926d.o(.ARM.exidx.text.SysTick_Handler), (8 bytes).
    Removing lto-llvm-3d926d.o(.ARM.exidx.text.DMA1_Stream1_IRQHandler), (8 bytes).
    Removing lto-llvm-3d926d.o(.ARM.exidx.text.DMA1_Stream3_IRQHandler), (8 bytes).
    Removing lto-llvm-3d926d.o(.ARM.exidx.text.USART3_IRQHandler), (8 bytes).
    Removing lto-llvm-3d926d.o(.ARM.exidx.text.DMA2_Stream6_IRQHandler), (8 bytes).
    Removing lto-llvm-3d926d.o(.ARM.exidx.text.USART6_IRQHandler), (8 bytes).
    Removing lto-llvm-3d926d.o(.ARM.exidx.text.HAL_GPIO_Init), (8 bytes).
    Removing lto-llvm-3d926d.o(.ARM.exidx.text.HAL_DMA_Init), (8 bytes).
    Removing lto-llvm-3d926d.o(.ARM.exidx.text.HAL_DMA_Abort), (8 bytes).
    Removing lto-llvm-3d926d.o(.ARM.exidx.text.HAL_DMA_IRQHandler), (8 bytes).
    Removing lto-llvm-3d926d.o(.ARM.exidx.text.HAL_UART_Init), (8 bytes).
    Removing lto-llvm-3d926d.o(.ARM.exidx.text.UART_DMATransmitCplt), (8 bytes).
    Removing lto-llvm-3d926d.o(.ARM.exidx.text.UART_DMATxHalfCplt), (8 bytes).
    Removing lto-llvm-3d926d.o(.ARM.exidx.text.UART_DMAError), (8 bytes).
    Removing lto-llvm-3d926d.o(.ARM.exidx.text.HAL_UART_IRQHandler), (8 bytes).
    Removing lto-llvm-3d926d.o(.ARM.exidx.text.UART_Receive_IT), (8 bytes).
    Removing lto-llvm-3d926d.o(.ARM.exidx.text.UART_DMAAbortOnError), (8 bytes).
    Removing lto-llvm-3d926d.o(.ARM.exidx.text.SystemInit), (8 bytes).
    Removing lto-llvm-3d926d.o(.ARM.exidx.text.xQueueGenericSend), (8 bytes).
    Removing lto-llvm-3d926d.o(.ARM.exidx.text.prvUnlockQueue), (8 bytes).
    Removing lto-llvm-3d926d.o(.ARM.exidx.text.vTaskSwitchContext), (8 bytes).
    Removing lto-llvm-3d926d.o(.ARM.exidx.text.prvInitialiseNewTask), (8 bytes).
    Removing lto-llvm-3d926d.o(.ARM.exidx.text.prvAddNewTaskToReadyList), (8 bytes).
    Removing lto-llvm-3d926d.o(.ARM.exidx.text.xTaskResumeAll), (8 bytes).
    Removing lto-llvm-3d926d.o(.ARM.exidx.text.xTaskIncrementTick), (8 bytes).
    Removing lto-llvm-3d926d.o(.ARM.exidx.text.prvIdleTask), (8 bytes).
    Removing lto-llvm-3d926d.o(.ARM.exidx.text.xTaskRemoveFromEventList), (8 bytes).
    Removing lto-llvm-3d926d.o(.ARM.exidx.text.prvTimerTask), (8 bytes).
    Removing lto-llvm-3d926d.o(.ARM.exidx.text.pvPortMalloc), (8 bytes).
    Removing lto-llvm-3d926d.o(.ARM.exidx.text.vPortFree), (8 bytes).
    Removing lto-llvm-3d926d.o(.ARM.exidx.text.prvTaskExitError), (8 bytes).
    Removing lto-llvm-3d926d.o(.ARM.exidx.text.SVC_Handler), (8 bytes).
    Removing lto-llvm-3d926d.o(.ARM.exidx.text.vPortEnableVFP), (8 bytes).
    Removing lto-llvm-3d926d.o(.ARM.exidx.text.prvPortStartFirstTask), (8 bytes).
    Removing lto-llvm-3d926d.o(.ARM.exidx.text.PendSV_Handler), (8 bytes).
    Removing lto-llvm-3d926d.o(.ARM.use_no_argv), (4 bytes).

47 unused section(s) (total 396 bytes) removed from the image.

==============================================================================

Image Symbol Table

    Local Symbols

    Symbol Name                              Value     Ov Type        Size  Object(Section)

    ../clib/angel/boardlib.s                 0x00000000   Number         0  boardinit1.o ABSOLUTE
    ../clib/angel/boardlib.s                 0x00000000   Number         0  boardinit2.o ABSOLUTE
    ../clib/angel/boardlib.s                 0x00000000   Number         0  boardinit3.o ABSOLUTE
    ../clib/angel/boardlib.s                 0x00000000   Number         0  boardshut.o ABSOLUTE
    ../clib/angel/handlers.s                 0x00000000   Number         0  __scatter_copy.o ABSOLUTE
    ../clib/angel/handlers.s                 0x00000000   Number         0  __scatter_zi.o ABSOLUTE
    ../clib/angel/kernel.s                   0x00000000   Number         0  __rtentry.o ABSOLUTE
    ../clib/angel/kernel.s                   0x00000000   Number         0  __rtentry2.o ABSOLUTE
    ../clib/angel/kernel.s                   0x00000000   Number         0  __rtentry4.o ABSOLUTE
    ../clib/angel/kernel.s                   0x00000000   Number         0  rtexit.o ABSOLUTE
    ../clib/angel/kernel.s                   0x00000000   Number         0  rtexit2.o ABSOLUTE
    ../clib/angel/rt.s                       0x00000000   Number         0  rt_raise.o ABSOLUTE
    ../clib/angel/rt.s                       0x00000000   Number         0  aeabi_ldiv0.o ABSOLUTE
    ../clib/angel/rt.s                       0x00000000   Number         0  aeabi_ldiv0_sigfpe.o ABSOLUTE
    ../clib/angel/rt.s                       0x00000000   Number         0  rt_div0.o ABSOLUTE
    ../clib/angel/scatter.s                  0x00000000   Number         0  __scatter.o ABSOLUTE
    ../clib/angel/startup.s                  0x00000000   Number         0  __main.o ABSOLUTE
    ../clib/angel/sys.s                      0x00000000   Number         0  sys_stackheap_outer.o ABSOLUTE
    ../clib/angel/sys.s                      0x00000000   Number         0  libspace.o ABSOLUTE
    ../clib/angel/sys.s                      0x00000000   Number         0  use_no_semi.o ABSOLUTE
    ../clib/angel/sys.s                      0x00000000   Number         0  indicate_semi.o ABSOLUTE
    ../clib/angel/sysapp.c                   0x00000000   Number         0  sys_exit.o ABSOLUTE
    ../clib/angel/sysapp.c                   0x00000000   Number         0  sys_exit_hlt.o ABSOLUTE
    ../clib/angel/sysapp.c                   0x00000000   Number         0  sys_command.o ABSOLUTE
    ../clib/angel/sysapp.c                   0x00000000   Number         0  sys_command_hlt.o ABSOLUTE
    ../clib/angel/sysapp.c                   0x00000000   Number         0  sys_wrch.o ABSOLUTE
    ../clib/angel/sysapp.c                   0x00000000   Number         0  sys_wrch_hlt.o ABSOLUTE
    ../clib/armsys.c                         0x00000000   Number         0  argv_veneer.o ABSOLUTE
    ../clib/armsys.c                         0x00000000   Number         0  argv_veneer.o ABSOLUTE
    ../clib/armsys.c                         0x00000000   Number         0  _get_argv_nomalloc.o ABSOLUTE
    ../clib/armsys.c                         0x00000000   Number         0  no_argv.o ABSOLUTE
    ../clib/heapalloc.c                      0x00000000   Number         0  hrguard.o ABSOLUTE
    ../clib/heapaux.c                        0x00000000   Number         0  heapauxi.o ABSOLUTE
    ../clib/libinit.s                        0x00000000   Number         0  libinit.o ABSOLUTE
    ../clib/libinit.s                        0x00000000   Number         0  libinit2.o ABSOLUTE
    ../clib/libinit.s                        0x00000000   Number         0  libshutdown.o ABSOLUTE
    ../clib/libinit.s                        0x00000000   Number         0  libshutdown2.o ABSOLUTE
    ../clib/longlong.s                       0x00000000   Number         0  lludivv7m.o ABSOLUTE
    ../clib/memcpset.s                       0x00000000   Number         0  rt_memcpy_v6.o ABSOLUTE
    ../clib/memcpset.s                       0x00000000   Number         0  aeabi_memset4.o ABSOLUTE
    ../clib/memcpset.s                       0x00000000   Number         0  rt_memcpy_w.o ABSOLUTE
    ../clib/memcpset.s                       0x00000000   Number         0  rt_memclr_w.o ABSOLUTE
    ../clib/signal.c                         0x00000000   Number         0  defsig_rtmem_outer.o ABSOLUTE
    ../clib/signal.c                         0x00000000   Number         0  defsig_rtmem_formal.o ABSOLUTE
    ../clib/signal.c                         0x00000000   Number         0  defsig_exit.o ABSOLUTE
    ../clib/signal.c                         0x00000000   Number         0  defsig_rtmem_inner.o ABSOLUTE
    ../clib/signal.c                         0x00000000   Number         0  __raise.o ABSOLUTE
    ../clib/signal.c                         0x00000000   Number         0  defsig_general.o ABSOLUTE
    ../clib/signal.c                         0x00000000   Number         0  defsig_abrt_inner.o ABSOLUTE
    ../clib/signal.c                         0x00000000   Number         0  defsig_fpe_inner.o ABSOLUTE
    ../clib/signal.c                         0x00000000   Number         0  defsig_rtred_inner.o ABSOLUTE
    ../clib/signal.c                         0x00000000   Number         0  defsig_stak_inner.o ABSOLUTE
    ../clib/signal.c                         0x00000000   Number         0  defsig_pvfn_inner.o ABSOLUTE
    ../clib/signal.c                         0x00000000   Number         0  defsig_cppl_inner.o ABSOLUTE
    ../clib/signal.c                         0x00000000   Number         0  defsig_segv_inner.o ABSOLUTE
    ../clib/signal.c                         0x00000000   Number         0  defsig_other.o ABSOLUTE
    ../clib/signal.c                         0x00000000   Number         0  defsig_fpe_outer.o ABSOLUTE
    ../clib/signal.c                         0x00000000   Number         0  defsig_fpe_formal.o ABSOLUTE
    ../clib/signal.s                         0x00000000   Number         0  defsig.o ABSOLUTE
    ../clib/stdlib.c                         0x00000000   Number         0  exit.o ABSOLUTE
    ../clib/string.c                         0x00000000   Number         0  strlen.o ABSOLUTE
    ../fplib/fpinit.s                        0x00000000   Number         0  fpinit.o ABSOLUTE
    dc.s                                     0x00000000   Number         0  dc.o ABSOLUTE
    ld-temp.o                                0x00000000   Number         0  lto-llvm-3d926d.o ABSOLUTE
    startup_stm32f429xx.s                    0x00000000   Number         0  startup_stm32f429xx.o ABSOLUTE
    RESET                                    0x08000000   Section      428  startup_stm32f429xx.o(RESET)
    !!!main                                  0x080001ac   Section        8  __main.o(!!!main)
    !!!scatter                               0x080001b4   Section       52  __scatter.o(!!!scatter)
    !!handler_copy                           0x080001e8   Section       26  __scatter_copy.o(!!handler_copy)
    !!handler_zi                             0x08000204   Section       28  __scatter_zi.o(!!handler_zi)
    .ARM.Collect$$libinit$$00000000          0x08000220   Section        2  libinit.o(.ARM.Collect$$libinit$$00000000)
    .ARM.Collect$$libinit$$00000001          0x08000222   Section        4  libinit2.o(.ARM.Collect$$libinit$$00000001)
    .ARM.Collect$$libinit$$00000004          0x08000226   Section        0  libinit2.o(.ARM.Collect$$libinit$$00000004)
    .ARM.Collect$$libinit$$00000006          0x08000226   Section        0  libinit2.o(.ARM.Collect$$libinit$$00000006)
    .ARM.Collect$$libinit$$0000000C          0x08000226   Section        0  libinit2.o(.ARM.Collect$$libinit$$0000000C)
    .ARM.Collect$$libinit$$0000000E          0x08000226   Section        0  libinit2.o(.ARM.Collect$$libinit$$0000000E)
    .ARM.Collect$$libinit$$00000010          0x08000226   Section        0  libinit2.o(.ARM.Collect$$libinit$$00000010)
    .ARM.Collect$$libinit$$00000013          0x08000226   Section        0  libinit2.o(.ARM.Collect$$libinit$$00000013)
    .ARM.Collect$$libinit$$00000015          0x08000226   Section        0  libinit2.o(.ARM.Collect$$libinit$$00000015)
    .ARM.Collect$$libinit$$00000017          0x08000226   Section        0  libinit2.o(.ARM.Collect$$libinit$$00000017)
    .ARM.Collect$$libinit$$00000019          0x08000226   Section        0  libinit2.o(.ARM.Collect$$libinit$$00000019)
    .ARM.Collect$$libinit$$0000001B          0x08000226   Section        0  libinit2.o(.ARM.Collect$$libinit$$0000001B)
    .ARM.Collect$$libinit$$0000001D          0x08000226   Section        0  libinit2.o(.ARM.Collect$$libinit$$0000001D)
    .ARM.Collect$$libinit$$0000001F          0x08000226   Section        0  libinit2.o(.ARM.Collect$$libinit$$0000001F)
    .ARM.Collect$$libinit$$00000021          0x08000226   Section        0  libinit2.o(.ARM.Collect$$libinit$$00000021)
    .ARM.Collect$$libinit$$00000023          0x08000226   Section        0  libinit2.o(.ARM.Collect$$libinit$$00000023)
    .ARM.Collect$$libinit$$00000025          0x08000226   Section        0  libinit2.o(.ARM.Collect$$libinit$$00000025)
    .ARM.Collect$$libinit$$00000027          0x08000226   Section        0  libinit2.o(.ARM.Collect$$libinit$$00000027)
    .ARM.Collect$$libinit$$0000002E          0x08000226   Section        0  libinit2.o(.ARM.Collect$$libinit$$0000002E)
    .ARM.Collect$$libinit$$00000030          0x08000226   Section        0  libinit2.o(.ARM.Collect$$libinit$$00000030)
    .ARM.Collect$$libinit$$00000032          0x08000226   Section        0  libinit2.o(.ARM.Collect$$libinit$$00000032)
    .ARM.Collect$$libinit$$00000034          0x08000226   Section        0  libinit2.o(.ARM.Collect$$libinit$$00000034)
    .ARM.Collect$$libinit$$00000035          0x08000226   Section        2  libinit2.o(.ARM.Collect$$libinit$$00000035)
    .ARM.Collect$$libshutdown$$00000000      0x08000228   Section        2  libshutdown.o(.ARM.Collect$$libshutdown$$00000000)
    .ARM.Collect$$libshutdown$$00000002      0x0800022a   Section        0  libshutdown2.o(.ARM.Collect$$libshutdown$$00000002)
    .ARM.Collect$$libshutdown$$00000004      0x0800022a   Section        0  libshutdown2.o(.ARM.Collect$$libshutdown$$00000004)
    .ARM.Collect$$libshutdown$$00000007      0x0800022a   Section        0  libshutdown2.o(.ARM.Collect$$libshutdown$$00000007)
    .ARM.Collect$$libshutdown$$0000000A      0x0800022a   Section        0  libshutdown2.o(.ARM.Collect$$libshutdown$$0000000A)
    .ARM.Collect$$libshutdown$$0000000C      0x0800022a   Section        0  libshutdown2.o(.ARM.Collect$$libshutdown$$0000000C)
    .ARM.Collect$$libshutdown$$0000000F      0x0800022a   Section        0  libshutdown2.o(.ARM.Collect$$libshutdown$$0000000F)
    .ARM.Collect$$libshutdown$$00000010      0x0800022a   Section        2  libshutdown2.o(.ARM.Collect$$libshutdown$$00000010)
    .ARM.Collect$$rtentry$$00000000          0x0800022c   Section        0  __rtentry.o(.ARM.Collect$$rtentry$$00000000)
    .ARM.Collect$$rtentry$$00000002          0x0800022c   Section        0  __rtentry2.o(.ARM.Collect$$rtentry$$00000002)
    .ARM.Collect$$rtentry$$00000004          0x0800022c   Section        6  __rtentry4.o(.ARM.Collect$$rtentry$$00000004)
    .ARM.Collect$$rtentry$$00000009          0x08000232   Section        0  __rtentry2.o(.ARM.Collect$$rtentry$$00000009)
    .ARM.Collect$$rtentry$$0000000A          0x08000232   Section        4  __rtentry2.o(.ARM.Collect$$rtentry$$0000000A)
    .ARM.Collect$$rtentry$$0000000C          0x08000236   Section        0  __rtentry2.o(.ARM.Collect$$rtentry$$0000000C)
    .ARM.Collect$$rtentry$$0000000D          0x08000236   Section        8  __rtentry2.o(.ARM.Collect$$rtentry$$0000000D)
    .ARM.Collect$$rtexit$$00000000           0x0800023e   Section        2  rtexit.o(.ARM.Collect$$rtexit$$00000000)
    .ARM.Collect$$rtexit$$00000002           0x08000240   Section        0  rtexit2.o(.ARM.Collect$$rtexit$$00000002)
    .ARM.Collect$$rtexit$$00000003           0x08000240   Section        4  rtexit2.o(.ARM.Collect$$rtexit$$00000003)
    .ARM.Collect$$rtexit$$00000004           0x08000244   Section        6  rtexit2.o(.ARM.Collect$$rtexit$$00000004)
    $v0                                      0x0800024c   Number         0  startup_stm32f429xx.o(.text)
    .text                                    0x0800024c   Section       64  startup_stm32f429xx.o(.text)
    .text                                    0x0800028c   Section        0  strlen.o(.text)
    .text                                    0x080002ca   Section        0  heapauxi.o(.text)
    .text                                    0x080002d0   Section       74  sys_stackheap_outer.o(.text)
    .text                                    0x0800031a   Section        0  exit.o(.text)
    .text                                    0x0800032c   Section        8  libspace.o(.text)
    .text                                    0x08000334   Section        0  sys_exit.o(.text)
    .text                                    0x08000340   Section        2  use_no_semi.o(.text)
    .text                                    0x08000342   Section        0  indicate_semi.o(.text)
    .text                                    0x08000342   Section      240  lludivv7m.o(.text)
    .text                                    0x08000432   Section      138  rt_memcpy_v6.o(.text)
    .text                                    0x080004bc   Section       16  aeabi_memset4.o(.text)
    .text                                    0x080004cc   Section      100  rt_memcpy_w.o(.text)
    .text                                    0x08000530   Section       78  rt_memclr_w.o(.text)
    [Anonymous Symbol]                       0x08000580   Section        0  lto-llvm-3d926d.o(.text.BusFault_Handler)
    [Anonymous Symbol]                       0x08000584   Section        0  lto-llvm-3d926d.o(.text.DMA1_Stream1_IRQHandler)
    [Anonymous Symbol]                       0x08000590   Section        0  lto-llvm-3d926d.o(.text.DMA1_Stream3_IRQHandler)
    [Anonymous Symbol]                       0x0800059c   Section        0  lto-llvm-3d926d.o(.text.DMA2_Stream6_IRQHandler)
    [Anonymous Symbol]                       0x080005a8   Section        0  lto-llvm-3d926d.o(.text.DebugMon_Handler)
    HAL_DMA_Abort                            0x080005ad   Thumb Code   172  lto-llvm-3d926d.o(.text.HAL_DMA_Abort)
    [Anonymous Symbol]                       0x080005ac   Section        0  lto-llvm-3d926d.o(.text.HAL_DMA_Abort)
    HAL_DMA_IRQHandler                       0x08000659   Thumb Code   446  lto-llvm-3d926d.o(.text.HAL_DMA_IRQHandler)
    [Anonymous Symbol]                       0x08000658   Section        0  lto-llvm-3d926d.o(.text.HAL_DMA_IRQHandler)
    HAL_DMA_Init                             0x08000819   Thumb Code   364  lto-llvm-3d926d.o(.text.HAL_DMA_Init)
    [Anonymous Symbol]                       0x08000818   Section        0  lto-llvm-3d926d.o(.text.HAL_DMA_Init)
    DMA_CalcBaseAndBitshift.flagBitshiftOffset 0x08000984   Number         0  lto-llvm-3d926d.o(.text.HAL_DMA_Init)
    HAL_GPIO_Init                            0x0800098d   Thumb Code   420  lto-llvm-3d926d.o(.text.HAL_GPIO_Init)
    [Anonymous Symbol]                       0x0800098c   Section        0  lto-llvm-3d926d.o(.text.HAL_GPIO_Init)
    HAL_UART_IRQHandler                      0x08000b31   Thumb Code  1360  lto-llvm-3d926d.o(.text.HAL_UART_IRQHandler)
    [Anonymous Symbol]                       0x08000b30   Section        0  lto-llvm-3d926d.o(.text.HAL_UART_IRQHandler)
    HAL_UART_Init                            0x08001081   Thumb Code   860  lto-llvm-3d926d.o(.text.HAL_UART_Init)
    [Anonymous Symbol]                       0x08001080   Section        0  lto-llvm-3d926d.o(.text.HAL_UART_Init)
    APBPrescTable                            0x080013dc   Number         0  lto-llvm-3d926d.o(.text.HAL_UART_Init)
    [Anonymous Symbol]                       0x080013e4   Section        0  lto-llvm-3d926d.o(.text.HardFault_Handler)
    [Anonymous Symbol]                       0x080013e8   Section        0  lto-llvm-3d926d.o(.text.MemManage_Handler)
    [Anonymous Symbol]                       0x080013ec   Section        0  lto-llvm-3d926d.o(.text.NMI_Handler)
    [Anonymous Symbol]                       0x080013f0   Section        0  lto-llvm-3d926d.o(.text.PendSV_Handler)
    pxCurrentTCBConst                        0x08001450   Number         0  lto-llvm-3d926d.o(.text.PendSV_Handler)
    [Anonymous Symbol]                       0x08001460   Section        0  lto-llvm-3d926d.o(.text.SVC_Handler)
    pxCurrentTCBConst2                       0x08001480   Number         0  lto-llvm-3d926d.o(.text.SVC_Handler)
    [Anonymous Symbol]                       0x08001484   Section        0  lto-llvm-3d926d.o(.text.SysTick_Handler)
    [Anonymous Symbol]                       0x080014dc   Section        0  lto-llvm-3d926d.o(.text.SystemInit)
    UART_DMAAbortOnError                     0x080014f1   Thumb Code    10  lto-llvm-3d926d.o(.text.UART_DMAAbortOnError)
    [Anonymous Symbol]                       0x080014f0   Section        0  lto-llvm-3d926d.o(.text.UART_DMAAbortOnError)
    UART_DMAError                            0x080014fd   Thumb Code   378  lto-llvm-3d926d.o(.text.UART_DMAError)
    [Anonymous Symbol]                       0x080014fc   Section        0  lto-llvm-3d926d.o(.text.UART_DMAError)
    UART_DMATransmitCplt                     0x08001679   Thumb Code   172  lto-llvm-3d926d.o(.text.UART_DMATransmitCplt)
    [Anonymous Symbol]                       0x08001678   Section        0  lto-llvm-3d926d.o(.text.UART_DMATransmitCplt)
    UART_DMATxHalfCplt                       0x08001725   Thumb Code     2  lto-llvm-3d926d.o(.text.UART_DMATxHalfCplt)
    [Anonymous Symbol]                       0x08001724   Section        0  lto-llvm-3d926d.o(.text.UART_DMATxHalfCplt)
    UART_Receive_IT                          0x08001729   Thumb Code   240  lto-llvm-3d926d.o(.text.UART_Receive_IT)
    [Anonymous Symbol]                       0x08001728   Section        0  lto-llvm-3d926d.o(.text.UART_Receive_IT)
    [Anonymous Symbol]                       0x08001818   Section        0  lto-llvm-3d926d.o(.text.USART3_IRQHandler)
    [Anonymous Symbol]                       0x08001824   Section        0  lto-llvm-3d926d.o(.text.USART6_IRQHandler)
    [Anonymous Symbol]                       0x08001830   Section        0  lto-llvm-3d926d.o(.text.UsageFault_Handler)
    [Anonymous Symbol]                       0x08001834   Section        0  lto-llvm-3d926d.o(.text.main)
    AHBPrescTable                            0x08002358   Number         0  lto-llvm-3d926d.o(.text.main)
    prvAddNewTaskToReadyList                 0x0800238d   Thumb Code  1334  lto-llvm-3d926d.o(.text.prvAddNewTaskToReadyList)
    [Anonymous Symbol]                       0x0800238c   Section        0  lto-llvm-3d926d.o(.text.prvAddNewTaskToReadyList)
    prvIdleTask                              0x080028c5   Thumb Code   290  lto-llvm-3d926d.o(.text.prvIdleTask)
    [Anonymous Symbol]                       0x080028c4   Section        0  lto-llvm-3d926d.o(.text.prvIdleTask)
    prvInitialiseNewTask                     0x080029e9   Thumb Code   310  lto-llvm-3d926d.o(.text.prvInitialiseNewTask)
    [Anonymous Symbol]                       0x080029e8   Section        0  lto-llvm-3d926d.o(.text.prvInitialiseNewTask)
    prvPortStartFirstTask                    0x08002b21   Thumb Code    40  lto-llvm-3d926d.o(.text.prvPortStartFirstTask)
    [Anonymous Symbol]                       0x08002b20   Section        0  lto-llvm-3d926d.o(.text.prvPortStartFirstTask)
    prvTaskExitError                         0x08002b49   Thumb Code    62  lto-llvm-3d926d.o(.text.prvTaskExitError)
    [Anonymous Symbol]                       0x08002b48   Section        0  lto-llvm-3d926d.o(.text.prvTaskExitError)
    prvTimerTask                             0x08002b89   Thumb Code  2426  lto-llvm-3d926d.o(.text.prvTimerTask)
    [Anonymous Symbol]                       0x08002b88   Section        0  lto-llvm-3d926d.o(.text.prvTimerTask)
    prvUnlockQueue                           0x08003505   Thumb Code   334  lto-llvm-3d926d.o(.text.prvUnlockQueue)
    [Anonymous Symbol]                       0x08003504   Section        0  lto-llvm-3d926d.o(.text.prvUnlockQueue)
    pvPortMalloc                             0x08003655   Thumb Code   536  lto-llvm-3d926d.o(.text.pvPortMalloc)
    [Anonymous Symbol]                       0x08003654   Section        0  lto-llvm-3d926d.o(.text.pvPortMalloc)
    taskSYN6288                              0x0800386d   Thumb Code   918  lto-llvm-3d926d.o(.text.taskSYN6288)
    [Anonymous Symbol]                       0x0800386c   Section        0  lto-llvm-3d926d.o(.text.taskSYN6288)
    vPortEnableVFP                           0x08003c05   Thumb Code    20  lto-llvm-3d926d.o(.text.vPortEnableVFP)
    [Anonymous Symbol]                       0x08003c04   Section        0  lto-llvm-3d926d.o(.text.vPortEnableVFP)
    vPortFree                                0x08003c19   Thumb Code   248  lto-llvm-3d926d.o(.text.vPortFree)
    [Anonymous Symbol]                       0x08003c18   Section        0  lto-llvm-3d926d.o(.text.vPortFree)
    __tagsym$$used.0                         0x08003d10   Number         0  lto-llvm-3d926d.o(.text.vTaskSwitchContext)
    [Anonymous Symbol]                       0x08003d10   Section        0  lto-llvm-3d926d.o(.text.vTaskSwitchContext)
    xQueueGenericSend                        0x08003dd9   Thumb Code   562  lto-llvm-3d926d.o(.text.xQueueGenericSend)
    [Anonymous Symbol]                       0x08003dd8   Section        0  lto-llvm-3d926d.o(.text.xQueueGenericSend)
    xTaskIncrementTick                       0x0800400d   Thumb Code   434  lto-llvm-3d926d.o(.text.xTaskIncrementTick)
    [Anonymous Symbol]                       0x0800400c   Section        0  lto-llvm-3d926d.o(.text.xTaskIncrementTick)
    xTaskRemoveFromEventList                 0x080041c1   Thumb Code   242  lto-llvm-3d926d.o(.text.xTaskRemoveFromEventList)
    [Anonymous Symbol]                       0x080041c0   Section        0  lto-llvm-3d926d.o(.text.xTaskRemoveFromEventList)
    xTaskResumeAll                           0x080042b5   Thumb Code   642  lto-llvm-3d926d.o(.text.xTaskResumeAll)
    [Anonymous Symbol]                       0x080042b4   Section        0  lto-llvm-3d926d.o(.text.xTaskResumeAll)
    $v0                                      0x08004536   Number         0  fpinit.o(x$fpl$fpinit)
    x$fpl$fpinit                             0x08004536   Section       26  fpinit.o(x$fpl$fpinit)
    SystemCoreClock                          0x20000000   Data           4  lto-llvm-3d926d.o(.data.SystemCoreClock)
    [Anonymous Symbol]                       0x20000000   Section        0  lto-llvm-3d926d.o(.data.SystemCoreClock)
    TTSData                                  0x20000004   Data          24  lto-llvm-3d926d.o(.data.TTSData)
    [Anonymous Symbol]                       0x20000004   Section        0  lto-llvm-3d926d.o(.data.TTSData)
    uxCriticalNesting                        0x2000001c   Data           4  lto-llvm-3d926d.o(.data.uxCriticalNesting)
    [Anonymous Symbol]                       0x2000001c   Section        0  lto-llvm-3d926d.o(.data.uxCriticalNesting)
    .bss                                     0x20000020   Section       96  libspace.o(.bss)
    handleSYN6288                            0x20000080   Data           4  lto-llvm-3d926d.o(.bss.handleSYN6288)
    [Anonymous Symbol]                       0x20000080   Section        0  lto-llvm-3d926d.o(.bss.handleSYN6288)
    hdma_usart3_rx                           0x20000084   Data          96  lto-llvm-3d926d.o(.bss.hdma_usart3_rx)
    [Anonymous Symbol]                       0x20000084   Section        0  lto-llvm-3d926d.o(.bss.hdma_usart3_rx)
    hdma_usart3_tx                           0x200000e4   Data          96  lto-llvm-3d926d.o(.bss.hdma_usart3_tx)
    [Anonymous Symbol]                       0x200000e4   Section        0  lto-llvm-3d926d.o(.bss.hdma_usart3_tx)
    hdma_usart6_tx                           0x20000144   Data          96  lto-llvm-3d926d.o(.bss.hdma_usart6_tx)
    [Anonymous Symbol]                       0x20000144   Section        0  lto-llvm-3d926d.o(.bss.hdma_usart6_tx)
    huart3                                   0x200001a4   Data          68  lto-llvm-3d926d.o(.bss.huart3)
    [Anonymous Symbol]                       0x200001a4   Section        0  lto-llvm-3d926d.o(.bss.huart3)
    huart6                                   0x200001e8   Data          68  lto-llvm-3d926d.o(.bss.huart6)
    [Anonymous Symbol]                       0x200001e8   Section        0  lto-llvm-3d926d.o(.bss.huart6)
    prvCheckForValidListAndQueue.ucStaticTimerQueueStorage 0x2000022c   Data         160  lto-llvm-3d926d.o(.bss.prvCheckForValidListAndQueue.ucStaticTimerQueueStorage)
    [Anonymous Symbol]                       0x2000022c   Section        0  lto-llvm-3d926d.o(.bss.prvCheckForValidListAndQueue.ucStaticTimerQueueStorage)
    prvCheckForValidListAndQueue.xStaticTimerQueue 0x200002cc   Data          80  lto-llvm-3d926d.o(.bss.prvCheckForValidListAndQueue.xStaticTimerQueue)
    [Anonymous Symbol]                       0x200002cc   Section        0  lto-llvm-3d926d.o(.bss.prvCheckForValidListAndQueue.xStaticTimerQueue)
    prvSampleTimeNow.xLastTime               0x2000031c   Data           4  lto-llvm-3d926d.o(.bss.prvSampleTimeNow.xLastTime)
    [Anonymous Symbol]                       0x2000031c   Section        0  lto-llvm-3d926d.o(.bss.prvSampleTimeNow.xLastTime)
    pxCurrentTCB                             0x20000320   Data           4  lto-llvm-3d926d.o(.bss.pxCurrentTCB)
    [Anonymous Symbol]                       0x20000320   Section        0  lto-llvm-3d926d.o(.bss.pxCurrentTCB)
    pxCurrentTimerList                       0x20000324   Data           4  lto-llvm-3d926d.o(.bss.pxCurrentTimerList)
    [Anonymous Symbol]                       0x20000324   Section        0  lto-llvm-3d926d.o(.bss.pxCurrentTimerList)
    pxDelayedTaskList                        0x20000328   Data           4  lto-llvm-3d926d.o(.bss.pxDelayedTaskList)
    [Anonymous Symbol]                       0x20000328   Section        0  lto-llvm-3d926d.o(.bss.pxDelayedTaskList)
    pxEnd                                    0x2000032c   Data           4  lto-llvm-3d926d.o(.bss.pxEnd)
    [Anonymous Symbol]                       0x2000032c   Section        0  lto-llvm-3d926d.o(.bss.pxEnd)
    pxOverflowDelayedTaskList                0x20000330   Data           4  lto-llvm-3d926d.o(.bss.pxOverflowDelayedTaskList)
    [Anonymous Symbol]                       0x20000330   Section        0  lto-llvm-3d926d.o(.bss.pxOverflowDelayedTaskList)
    pxOverflowTimerList                      0x20000334   Data           4  lto-llvm-3d926d.o(.bss.pxOverflowTimerList)
    [Anonymous Symbol]                       0x20000334   Section        0  lto-llvm-3d926d.o(.bss.pxOverflowTimerList)
    pxReadyTasksLists                        0x20000338   Data        1120  lto-llvm-3d926d.o(.bss.pxReadyTasksLists)
    [Anonymous Symbol]                       0x20000338   Section        0  lto-llvm-3d926d.o(.bss.pxReadyTasksLists)
    ucHeap                                   0x20000798   Data       15360  lto-llvm-3d926d.o(.bss.ucHeap)
    [Anonymous Symbol]                       0x20000798   Section        0  lto-llvm-3d926d.o(.bss.ucHeap)
    uwTick                                   0x20004398   Data           4  lto-llvm-3d926d.o(.bss.uwTick)
    [Anonymous Symbol]                       0x20004398   Section        0  lto-llvm-3d926d.o(.bss.uwTick)
    uwTickPrio                               0x2000439c   Data           1  lto-llvm-3d926d.o(.bss.uwTickPrio)
    [Anonymous Symbol]                       0x2000439c   Section        0  lto-llvm-3d926d.o(.bss.uwTickPrio)
    uxCurrentNumberOfTasks                   0x200043a0   Data           4  lto-llvm-3d926d.o(.bss.uxCurrentNumberOfTasks)
    [Anonymous Symbol]                       0x200043a0   Section        0  lto-llvm-3d926d.o(.bss.uxCurrentNumberOfTasks)
    uxDeletedTasksWaitingCleanUp             0x200043a4   Data           4  lto-llvm-3d926d.o(.bss.uxDeletedTasksWaitingCleanUp)
    [Anonymous Symbol]                       0x200043a4   Section        0  lto-llvm-3d926d.o(.bss.uxDeletedTasksWaitingCleanUp)
    uxSchedulerSuspended                     0x200043a8   Data           4  lto-llvm-3d926d.o(.bss.uxSchedulerSuspended)
    [Anonymous Symbol]                       0x200043a8   Section        0  lto-llvm-3d926d.o(.bss.uxSchedulerSuspended)
    uxTaskNumber                             0x200043ac   Data           4  lto-llvm-3d926d.o(.bss.uxTaskNumber)
    [Anonymous Symbol]                       0x200043ac   Section        0  lto-llvm-3d926d.o(.bss.uxTaskNumber)
    uxTopReadyPriority                       0x200043b0   Data           4  lto-llvm-3d926d.o(.bss.uxTopReadyPriority)
    [Anonymous Symbol]                       0x200043b0   Section        0  lto-llvm-3d926d.o(.bss.uxTopReadyPriority)
    vApplicationGetIdleTaskMemory.Idle_Stack 0x200043b4   Data         512  lto-llvm-3d926d.o(.bss.vApplicationGetIdleTaskMemory.Idle_Stack)
    [Anonymous Symbol]                       0x200043b4   Section        0  lto-llvm-3d926d.o(.bss.vApplicationGetIdleTaskMemory.Idle_Stack)
    vApplicationGetIdleTaskMemory.Idle_TCB   0x200045b4   Data          92  lto-llvm-3d926d.o(.bss.vApplicationGetIdleTaskMemory.Idle_TCB)
    [Anonymous Symbol]                       0x200045b4   Section        0  lto-llvm-3d926d.o(.bss.vApplicationGetIdleTaskMemory.Idle_TCB)
    vApplicationGetTimerTaskMemory.Timer_Stack 0x20004610   Data        1024  lto-llvm-3d926d.o(.bss.vApplicationGetTimerTaskMemory.Timer_Stack)
    [Anonymous Symbol]                       0x20004610   Section        0  lto-llvm-3d926d.o(.bss.vApplicationGetTimerTaskMemory.Timer_Stack)
    vApplicationGetTimerTaskMemory.Timer_TCB 0x20004a10   Data          92  lto-llvm-3d926d.o(.bss.vApplicationGetTimerTaskMemory.Timer_TCB)
    [Anonymous Symbol]                       0x20004a10   Section        0  lto-llvm-3d926d.o(.bss.vApplicationGetTimerTaskMemory.Timer_TCB)
    xActiveTimerList1                        0x20004a6c   Data          20  lto-llvm-3d926d.o(.bss.xActiveTimerList1)
    [Anonymous Symbol]                       0x20004a6c   Section        0  lto-llvm-3d926d.o(.bss.xActiveTimerList1)
    xActiveTimerList2                        0x20004a80   Data          20  lto-llvm-3d926d.o(.bss.xActiveTimerList2)
    [Anonymous Symbol]                       0x20004a80   Section        0  lto-llvm-3d926d.o(.bss.xActiveTimerList2)
    xBlockAllocatedBit                       0x20004a94   Data           1  lto-llvm-3d926d.o(.bss.xBlockAllocatedBit)
    [Anonymous Symbol]                       0x20004a94   Section        0  lto-llvm-3d926d.o(.bss.xBlockAllocatedBit)
    xDelayedTaskList1                        0x20004a98   Data          20  lto-llvm-3d926d.o(.bss.xDelayedTaskList1)
    [Anonymous Symbol]                       0x20004a98   Section        0  lto-llvm-3d926d.o(.bss.xDelayedTaskList1)
    xDelayedTaskList2                        0x20004aac   Data          20  lto-llvm-3d926d.o(.bss.xDelayedTaskList2)
    [Anonymous Symbol]                       0x20004aac   Section        0  lto-llvm-3d926d.o(.bss.xDelayedTaskList2)
    xFreeBytesRemaining                      0x20004ac0   Data           4  lto-llvm-3d926d.o(.bss.xFreeBytesRemaining)
    [Anonymous Symbol]                       0x20004ac0   Section        0  lto-llvm-3d926d.o(.bss.xFreeBytesRemaining)
    xIdleTaskHandle                          0x20004ac4   Data           4  lto-llvm-3d926d.o(.bss.xIdleTaskHandle)
    [Anonymous Symbol]                       0x20004ac4   Section        0  lto-llvm-3d926d.o(.bss.xIdleTaskHandle)
    xMinimumEverFreeBytesRemaining           0x20004ac8   Data           4  lto-llvm-3d926d.o(.bss.xMinimumEverFreeBytesRemaining)
    [Anonymous Symbol]                       0x20004ac8   Section        0  lto-llvm-3d926d.o(.bss.xMinimumEverFreeBytesRemaining)
    xNextTaskUnblockTime                     0x20004acc   Data           4  lto-llvm-3d926d.o(.bss.xNextTaskUnblockTime)
    [Anonymous Symbol]                       0x20004acc   Section        0  lto-llvm-3d926d.o(.bss.xNextTaskUnblockTime)
    xNumOfOverflows                          0x20004ad0   Data           4  lto-llvm-3d926d.o(.bss.xNumOfOverflows)
    [Anonymous Symbol]                       0x20004ad0   Section        0  lto-llvm-3d926d.o(.bss.xNumOfOverflows)
    xNumberOfSuccessfulAllocations           0x20004ad4   Data           4  lto-llvm-3d926d.o(.bss.xNumberOfSuccessfulAllocations)
    [Anonymous Symbol]                       0x20004ad4   Section        0  lto-llvm-3d926d.o(.bss.xNumberOfSuccessfulAllocations)
    xNumberOfSuccessfulFrees                 0x20004ad8   Data           4  lto-llvm-3d926d.o(.bss.xNumberOfSuccessfulFrees)
    [Anonymous Symbol]                       0x20004ad8   Section        0  lto-llvm-3d926d.o(.bss.xNumberOfSuccessfulFrees)
    xPendedTicks                             0x20004adc   Data           4  lto-llvm-3d926d.o(.bss.xPendedTicks)
    [Anonymous Symbol]                       0x20004adc   Section        0  lto-llvm-3d926d.o(.bss.xPendedTicks)
    xPendingReadyList                        0x20004ae0   Data          20  lto-llvm-3d926d.o(.bss.xPendingReadyList)
    [Anonymous Symbol]                       0x20004ae0   Section        0  lto-llvm-3d926d.o(.bss.xPendingReadyList)
    xQueueRegistry                           0x20004af4   Data          64  lto-llvm-3d926d.o(.bss.xQueueRegistry)
    [Anonymous Symbol]                       0x20004af4   Section        0  lto-llvm-3d926d.o(.bss.xQueueRegistry)
    xSchedulerRunning                        0x20004b34   Data           4  lto-llvm-3d926d.o(.bss.xSchedulerRunning)
    [Anonymous Symbol]                       0x20004b34   Section        0  lto-llvm-3d926d.o(.bss.xSchedulerRunning)
    xStart                                   0x20004b38   Data           8  lto-llvm-3d926d.o(.bss.xStart)
    [Anonymous Symbol]                       0x20004b38   Section        0  lto-llvm-3d926d.o(.bss.xStart)
    xSuspendedTaskList                       0x20004b40   Data          20  lto-llvm-3d926d.o(.bss.xSuspendedTaskList)
    [Anonymous Symbol]                       0x20004b40   Section        0  lto-llvm-3d926d.o(.bss.xSuspendedTaskList)
    xTasksWaitingTermination                 0x20004b54   Data          20  lto-llvm-3d926d.o(.bss.xTasksWaitingTermination)
    [Anonymous Symbol]                       0x20004b54   Section        0  lto-llvm-3d926d.o(.bss.xTasksWaitingTermination)
    xTickCount                               0x20004b68   Data           4  lto-llvm-3d926d.o(.bss.xTickCount)
    [Anonymous Symbol]                       0x20004b68   Section        0  lto-llvm-3d926d.o(.bss.xTickCount)
    xTimerQueue                              0x20004b6c   Data           4  lto-llvm-3d926d.o(.bss.xTimerQueue)
    [Anonymous Symbol]                       0x20004b6c   Section        0  lto-llvm-3d926d.o(.bss.xTimerQueue)
    xTimerTaskHandle                         0x20004b70   Data           4  lto-llvm-3d926d.o(.bss.xTimerTaskHandle)
    [Anonymous Symbol]                       0x20004b70   Section        0  lto-llvm-3d926d.o(.bss.xTimerTaskHandle)
    xYieldPending                            0x20004b74   Data           4  lto-llvm-3d926d.o(.bss.xYieldPending)
    [Anonymous Symbol]                       0x20004b74   Section        0  lto-llvm-3d926d.o(.bss.xYieldPending)
    Heap_Mem                                 0x20004b78   Data         512  startup_stm32f429xx.o(HEAP)
    HEAP                                     0x20004b78   Section      512  startup_stm32f429xx.o(HEAP)
    Stack_Mem                                0x20004d78   Data        1024  startup_stm32f429xx.o(STACK)
    STACK                                    0x20004d78   Section     1024  startup_stm32f429xx.o(STACK)
    __initial_sp                             0x20005178   Data           0  startup_stm32f429xx.o(STACK)

    Global Symbols

    Symbol Name                              Value     Ov Type        Size  Object(Section)

    BuildAttributes$$THM_ISAv4$E$P$D$K$B$S$7EM$VFPi3$EXTD16$VFPS$VFMA$PE$A:L22UL41UL21$X:L11$S22US41US21$IEEE1$IW$~IW$USESV6$~STKCKD$USESV7$~SHL$OTIME$ROPI$IEEEF$EBA8$UX$STANDARDLIB$REQ8$PRES8$EABIv2 0x00000000   Number         0  anon$$obj.o ABSOLUTE
    __ARM_exceptions_init                     - Undefined Weak Reference
    __alloca_initialize                       - Undefined Weak Reference
    __arm_preinit_                            - Undefined Weak Reference
    __arm_relocate_pie_                       - Undefined Weak Reference
    __cpp_initialize__aeabi_                  - Undefined Weak Reference
    __cxa_finalize                            - Undefined Weak Reference
    __rt_locale                               - Undefined Weak Reference
    __sigvec_lookup                           - Undefined Weak Reference
    _atexit_init                              - Undefined Weak Reference
    _call_atexit_fns                          - Undefined Weak Reference
    _clock_init                               - Undefined Weak Reference
    _fp_trap_init                             - Undefined Weak Reference
    _fp_trap_shutdown                         - Undefined Weak Reference
    _get_lc_collate                           - Undefined Weak Reference
    _get_lc_ctype                             - Undefined Weak Reference
    _get_lc_monetary                          - Undefined Weak Reference
    _get_lc_numeric                           - Undefined Weak Reference
    _get_lc_time                              - Undefined Weak Reference
    _getenv_init                              - Undefined Weak Reference
    _handle_redirection                       - Undefined Weak Reference
    _init_alloc                               - Undefined Weak Reference
    _init_user_alloc                          - Undefined Weak Reference
    _initio                                   - Undefined Weak Reference
    _rand_init                                - Undefined Weak Reference
    _signal_finish                            - Undefined Weak Reference
    _signal_init                              - Undefined Weak Reference
    _terminate_alloc                          - Undefined Weak Reference
    _terminate_user_alloc                     - Undefined Weak Reference
    _terminateio                              - Undefined Weak Reference
    __Vectors_Size                           0x000001ac   Number         0  startup_stm32f429xx.o ABSOLUTE
    __Vectors                                0x08000000   Data           4  startup_stm32f429xx.o(RESET)
    __Vectors_End                            0x080001ac   Data           0  startup_stm32f429xx.o(RESET)
    __main                                   0x080001ad   Thumb Code     8  __main.o(!!!main)
    __scatterload                            0x080001b5   Thumb Code     0  __scatter.o(!!!scatter)
    __scatterload_rt2                        0x080001b5   Thumb Code    44  __scatter.o(!!!scatter)
    __scatterload_rt2_thumb_only             0x080001b5   Thumb Code     0  __scatter.o(!!!scatter)
    __scatterload_null                       0x080001c3   Thumb Code     0  __scatter.o(!!!scatter)
    __scatterload_copy                       0x080001e9   Thumb Code    26  __scatter_copy.o(!!handler_copy)
    __scatterload_zeroinit                   0x08000205   Thumb Code    28  __scatter_zi.o(!!handler_zi)
    __rt_lib_init                            0x08000221   Thumb Code     0  libinit.o(.ARM.Collect$$libinit$$00000000)
    __rt_lib_init_fp_1                       0x08000223   Thumb Code     0  libinit2.o(.ARM.Collect$$libinit$$00000001)
    __rt_lib_init_alloca_1                   0x08000227   Thumb Code     0  libinit2.o(.ARM.Collect$$libinit$$00000030)
    __rt_lib_init_argv_1                     0x08000227   Thumb Code     0  libinit2.o(.ARM.Collect$$libinit$$0000002E)
    __rt_lib_init_atexit_1                   0x08000227   Thumb Code     0  libinit2.o(.ARM.Collect$$libinit$$0000001D)
    __rt_lib_init_clock_1                    0x08000227   Thumb Code     0  libinit2.o(.ARM.Collect$$libinit$$00000023)
    __rt_lib_init_cpp_1                      0x08000227   Thumb Code     0  libinit2.o(.ARM.Collect$$libinit$$00000034)
    __rt_lib_init_exceptions_1               0x08000227   Thumb Code     0  libinit2.o(.ARM.Collect$$libinit$$00000032)
    __rt_lib_init_fp_trap_1                  0x08000227   Thumb Code     0  libinit2.o(.ARM.Collect$$libinit$$00000021)
    __rt_lib_init_getenv_1                   0x08000227   Thumb Code     0  libinit2.o(.ARM.Collect$$libinit$$00000025)
    __rt_lib_init_heap_1                     0x08000227   Thumb Code     0  libinit2.o(.ARM.Collect$$libinit$$0000000C)
    __rt_lib_init_lc_collate_1               0x08000227   Thumb Code     0  libinit2.o(.ARM.Collect$$libinit$$00000013)
    __rt_lib_init_lc_ctype_1                 0x08000227   Thumb Code     0  libinit2.o(.ARM.Collect$$libinit$$00000015)
    __rt_lib_init_lc_monetary_1              0x08000227   Thumb Code     0  libinit2.o(.ARM.Collect$$libinit$$00000017)
    __rt_lib_init_lc_numeric_1               0x08000227   Thumb Code     0  libinit2.o(.ARM.Collect$$libinit$$00000019)
    __rt_lib_init_lc_time_1                  0x08000227   Thumb Code     0  libinit2.o(.ARM.Collect$$libinit$$0000001B)
    __rt_lib_init_preinit_1                  0x08000227   Thumb Code     0  libinit2.o(.ARM.Collect$$libinit$$00000006)
    __rt_lib_init_rand_1                     0x08000227   Thumb Code     0  libinit2.o(.ARM.Collect$$libinit$$00000010)
    __rt_lib_init_relocate_pie_1             0x08000227   Thumb Code     0  libinit2.o(.ARM.Collect$$libinit$$00000004)
    __rt_lib_init_return                     0x08000227   Thumb Code     0  libinit2.o(.ARM.Collect$$libinit$$00000035)
    __rt_lib_init_signal_1                   0x08000227   Thumb Code     0  libinit2.o(.ARM.Collect$$libinit$$0000001F)
    __rt_lib_init_stdio_1                    0x08000227   Thumb Code     0  libinit2.o(.ARM.Collect$$libinit$$00000027)
    __rt_lib_init_user_alloc_1               0x08000227   Thumb Code     0  libinit2.o(.ARM.Collect$$libinit$$0000000E)
    __rt_lib_shutdown                        0x08000229   Thumb Code     0  libshutdown.o(.ARM.Collect$$libshutdown$$00000000)
    __rt_lib_shutdown_cpp_1                  0x0800022b   Thumb Code     0  libshutdown2.o(.ARM.Collect$$libshutdown$$00000002)
    __rt_lib_shutdown_fp_trap_1              0x0800022b   Thumb Code     0  libshutdown2.o(.ARM.Collect$$libshutdown$$00000007)
    __rt_lib_shutdown_heap_1                 0x0800022b   Thumb Code     0  libshutdown2.o(.ARM.Collect$$libshutdown$$0000000F)
    __rt_lib_shutdown_return                 0x0800022b   Thumb Code     0  libshutdown2.o(.ARM.Collect$$libshutdown$$00000010)
    __rt_lib_shutdown_signal_1               0x0800022b   Thumb Code     0  libshutdown2.o(.ARM.Collect$$libshutdown$$0000000A)
    __rt_lib_shutdown_stdio_1                0x0800022b   Thumb Code     0  libshutdown2.o(.ARM.Collect$$libshutdown$$00000004)
    __rt_lib_shutdown_user_alloc_1           0x0800022b   Thumb Code     0  libshutdown2.o(.ARM.Collect$$libshutdown$$0000000C)
    __rt_entry                               0x0800022d   Thumb Code     0  __rtentry.o(.ARM.Collect$$rtentry$$00000000)
    __rt_entry_presh_1                       0x0800022d   Thumb Code     0  __rtentry2.o(.ARM.Collect$$rtentry$$00000002)
    __rt_entry_sh                            0x0800022d   Thumb Code     0  __rtentry4.o(.ARM.Collect$$rtentry$$00000004)
    __rt_entry_li                            0x08000233   Thumb Code     0  __rtentry2.o(.ARM.Collect$$rtentry$$0000000A)
    __rt_entry_postsh_1                      0x08000233   Thumb Code     0  __rtentry2.o(.ARM.Collect$$rtentry$$00000009)
    __rt_entry_main                          0x08000237   Thumb Code     0  __rtentry2.o(.ARM.Collect$$rtentry$$0000000D)
    __rt_entry_postli_1                      0x08000237   Thumb Code     0  __rtentry2.o(.ARM.Collect$$rtentry$$0000000C)
    __rt_exit                                0x0800023f   Thumb Code     0  rtexit.o(.ARM.Collect$$rtexit$$00000000)
    __rt_exit_ls                             0x08000241   Thumb Code     0  rtexit2.o(.ARM.Collect$$rtexit$$00000003)
    __rt_exit_prels_1                        0x08000241   Thumb Code     0  rtexit2.o(.ARM.Collect$$rtexit$$00000002)
    __rt_exit_exit                           0x08000245   Thumb Code     0  rtexit2.o(.ARM.Collect$$rtexit$$00000004)
    Reset_Handler                            0x0800024d   Thumb Code     8  startup_stm32f429xx.o(.text)
    ADC_IRQHandler                           0x08000267   Thumb Code     0  startup_stm32f429xx.o(.text)
    CAN1_RX0_IRQHandler                      0x08000267   Thumb Code     0  startup_stm32f429xx.o(.text)
    CAN1_RX1_IRQHandler                      0x08000267   Thumb Code     0  startup_stm32f429xx.o(.text)
    CAN1_SCE_IRQHandler                      0x08000267   Thumb Code     0  startup_stm32f429xx.o(.text)
    CAN1_TX_IRQHandler                       0x08000267   Thumb Code     0  startup_stm32f429xx.o(.text)
    CAN2_RX0_IRQHandler                      0x08000267   Thumb Code     0  startup_stm32f429xx.o(.text)
    CAN2_RX1_IRQHandler                      0x08000267   Thumb Code     0  startup_stm32f429xx.o(.text)
    CAN2_SCE_IRQHandler                      0x08000267   Thumb Code     0  startup_stm32f429xx.o(.text)
    CAN2_TX_IRQHandler                       0x08000267   Thumb Code     0  startup_stm32f429xx.o(.text)
    DCMI_IRQHandler                          0x08000267   Thumb Code     0  startup_stm32f429xx.o(.text)
    DMA1_Stream0_IRQHandler                  0x08000267   Thumb Code     0  startup_stm32f429xx.o(.text)
    DMA1_Stream2_IRQHandler                  0x08000267   Thumb Code     0  startup_stm32f429xx.o(.text)
    DMA1_Stream4_IRQHandler                  0x08000267   Thumb Code     0  startup_stm32f429xx.o(.text)
    DMA1_Stream5_IRQHandler                  0x08000267   Thumb Code     0  startup_stm32f429xx.o(.text)
    DMA1_Stream6_IRQHandler                  0x08000267   Thumb Code     0  startup_stm32f429xx.o(.text)
    DMA1_Stream7_IRQHandler                  0x08000267   Thumb Code     0  startup_stm32f429xx.o(.text)
    DMA2D_IRQHandler                         0x08000267   Thumb Code     0  startup_stm32f429xx.o(.text)
    DMA2_Stream0_IRQHandler                  0x08000267   Thumb Code     0  startup_stm32f429xx.o(.text)
    DMA2_Stream1_IRQHandler                  0x08000267   Thumb Code     0  startup_stm32f429xx.o(.text)
    DMA2_Stream2_IRQHandler                  0x08000267   Thumb Code     0  startup_stm32f429xx.o(.text)
    DMA2_Stream3_IRQHandler                  0x08000267   Thumb Code     0  startup_stm32f429xx.o(.text)
    DMA2_Stream4_IRQHandler                  0x08000267   Thumb Code     0  startup_stm32f429xx.o(.text)
    DMA2_Stream5_IRQHandler                  0x08000267   Thumb Code     0  startup_stm32f429xx.o(.text)
    DMA2_Stream7_IRQHandler                  0x08000267   Thumb Code     0  startup_stm32f429xx.o(.text)
    ETH_IRQHandler                           0x08000267   Thumb Code     0  startup_stm32f429xx.o(.text)
    ETH_WKUP_IRQHandler                      0x08000267   Thumb Code     0  startup_stm32f429xx.o(.text)
    EXTI0_IRQHandler                         0x08000267   Thumb Code     0  startup_stm32f429xx.o(.text)
    EXTI15_10_IRQHandler                     0x08000267   Thumb Code     0  startup_stm32f429xx.o(.text)
    EXTI1_IRQHandler                         0x08000267   Thumb Code     0  startup_stm32f429xx.o(.text)
    EXTI2_IRQHandler                         0x08000267   Thumb Code     0  startup_stm32f429xx.o(.text)
    EXTI3_IRQHandler                         0x08000267   Thumb Code     0  startup_stm32f429xx.o(.text)
    EXTI4_IRQHandler                         0x08000267   Thumb Code     0  startup_stm32f429xx.o(.text)
    EXTI9_5_IRQHandler                       0x08000267   Thumb Code     0  startup_stm32f429xx.o(.text)
    FLASH_IRQHandler                         0x08000267   Thumb Code     0  startup_stm32f429xx.o(.text)
    FMC_IRQHandler                           0x08000267   Thumb Code     0  startup_stm32f429xx.o(.text)
    FPU_IRQHandler                           0x08000267   Thumb Code     0  startup_stm32f429xx.o(.text)
    HASH_RNG_IRQHandler                      0x08000267   Thumb Code     0  startup_stm32f429xx.o(.text)
    I2C1_ER_IRQHandler                       0x08000267   Thumb Code     0  startup_stm32f429xx.o(.text)
    I2C1_EV_IRQHandler                       0x08000267   Thumb Code     0  startup_stm32f429xx.o(.text)
    I2C2_ER_IRQHandler                       0x08000267   Thumb Code     0  startup_stm32f429xx.o(.text)
    I2C2_EV_IRQHandler                       0x08000267   Thumb Code     0  startup_stm32f429xx.o(.text)
    I2C3_ER_IRQHandler                       0x08000267   Thumb Code     0  startup_stm32f429xx.o(.text)
    I2C3_EV_IRQHandler                       0x08000267   Thumb Code     0  startup_stm32f429xx.o(.text)
    LTDC_ER_IRQHandler                       0x08000267   Thumb Code     0  startup_stm32f429xx.o(.text)
    LTDC_IRQHandler                          0x08000267   Thumb Code     0  startup_stm32f429xx.o(.text)
    OTG_FS_IRQHandler                        0x08000267   Thumb Code     0  startup_stm32f429xx.o(.text)
    OTG_FS_WKUP_IRQHandler                   0x08000267   Thumb Code     0  startup_stm32f429xx.o(.text)
    OTG_HS_EP1_IN_IRQHandler                 0x08000267   Thumb Code     0  startup_stm32f429xx.o(.text)
    OTG_HS_EP1_OUT_IRQHandler                0x08000267   Thumb Code     0  startup_stm32f429xx.o(.text)
    OTG_HS_IRQHandler                        0x08000267   Thumb Code     0  startup_stm32f429xx.o(.text)
    OTG_HS_WKUP_IRQHandler                   0x08000267   Thumb Code     0  startup_stm32f429xx.o(.text)
    PVD_IRQHandler                           0x08000267   Thumb Code     0  startup_stm32f429xx.o(.text)
    RCC_IRQHandler                           0x08000267   Thumb Code     0  startup_stm32f429xx.o(.text)
    RTC_Alarm_IRQHandler                     0x08000267   Thumb Code     0  startup_stm32f429xx.o(.text)
    RTC_WKUP_IRQHandler                      0x08000267   Thumb Code     0  startup_stm32f429xx.o(.text)
    SAI1_IRQHandler                          0x08000267   Thumb Code     0  startup_stm32f429xx.o(.text)
    SDIO_IRQHandler                          0x08000267   Thumb Code     0  startup_stm32f429xx.o(.text)
    SPI1_IRQHandler                          0x08000267   Thumb Code     0  startup_stm32f429xx.o(.text)
    SPI2_IRQHandler                          0x08000267   Thumb Code     0  startup_stm32f429xx.o(.text)
    SPI3_IRQHandler                          0x08000267   Thumb Code     0  startup_stm32f429xx.o(.text)
    SPI4_IRQHandler                          0x08000267   Thumb Code     0  startup_stm32f429xx.o(.text)
    SPI5_IRQHandler                          0x08000267   Thumb Code     0  startup_stm32f429xx.o(.text)
    SPI6_IRQHandler                          0x08000267   Thumb Code     0  startup_stm32f429xx.o(.text)
    TAMP_STAMP_IRQHandler                    0x08000267   Thumb Code     0  startup_stm32f429xx.o(.text)
    TIM1_BRK_TIM9_IRQHandler                 0x08000267   Thumb Code     0  startup_stm32f429xx.o(.text)
    TIM1_CC_IRQHandler                       0x08000267   Thumb Code     0  startup_stm32f429xx.o(.text)
    TIM1_TRG_COM_TIM11_IRQHandler            0x08000267   Thumb Code     0  startup_stm32f429xx.o(.text)
    TIM1_UP_TIM10_IRQHandler                 0x08000267   Thumb Code     0  startup_stm32f429xx.o(.text)
    TIM2_IRQHandler                          0x08000267   Thumb Code     0  startup_stm32f429xx.o(.text)
    TIM3_IRQHandler                          0x08000267   Thumb Code     0  startup_stm32f429xx.o(.text)
    TIM4_IRQHandler                          0x08000267   Thumb Code     0  startup_stm32f429xx.o(.text)
    TIM5_IRQHandler                          0x08000267   Thumb Code     0  startup_stm32f429xx.o(.text)
    TIM6_DAC_IRQHandler                      0x08000267   Thumb Code     0  startup_stm32f429xx.o(.text)
    TIM7_IRQHandler                          0x08000267   Thumb Code     0  startup_stm32f429xx.o(.text)
    TIM8_BRK_TIM12_IRQHandler                0x08000267   Thumb Code     0  startup_stm32f429xx.o(.text)
    TIM8_CC_IRQHandler                       0x08000267   Thumb Code     0  startup_stm32f429xx.o(.text)
    TIM8_TRG_COM_TIM14_IRQHandler            0x08000267   Thumb Code     0  startup_stm32f429xx.o(.text)
    TIM8_UP_TIM13_IRQHandler                 0x08000267   Thumb Code     0  startup_stm32f429xx.o(.text)
    UART4_IRQHandler                         0x08000267   Thumb Code     0  startup_stm32f429xx.o(.text)
    UART5_IRQHandler                         0x08000267   Thumb Code     0  startup_stm32f429xx.o(.text)
    UART7_IRQHandler                         0x08000267   Thumb Code     0  startup_stm32f429xx.o(.text)
    UART8_IRQHandler                         0x08000267   Thumb Code     0  startup_stm32f429xx.o(.text)
    USART1_IRQHandler                        0x08000267   Thumb Code     0  startup_stm32f429xx.o(.text)
    USART2_IRQHandler                        0x08000267   Thumb Code     0  startup_stm32f429xx.o(.text)
    WWDG_IRQHandler                          0x08000267   Thumb Code     0  startup_stm32f429xx.o(.text)
    __user_initial_stackheap                 0x08000269   Thumb Code     0  startup_stm32f429xx.o(.text)
    strlen                                   0x0800028d   Thumb Code    62  strlen.o(.text)
    __use_two_region_memory                  0x080002cb   Thumb Code     2  heapauxi.o(.text)
    __rt_heap_escrow$2region                 0x080002cd   Thumb Code     2  heapauxi.o(.text)
    __rt_heap_expand$2region                 0x080002cf   Thumb Code     2  heapauxi.o(.text)
    __user_setup_stackheap                   0x080002d1   Thumb Code    74  sys_stackheap_outer.o(.text)
    exit                                     0x0800031b   Thumb Code    18  exit.o(.text)
    __user_libspace                          0x0800032d   Thumb Code     8  libspace.o(.text)
    __user_perproc_libspace                  0x0800032d   Thumb Code     0  libspace.o(.text)
    __user_perthread_libspace                0x0800032d   Thumb Code     0  libspace.o(.text)
    _sys_exit                                0x08000335   Thumb Code     8  sys_exit.o(.text)
    __I$use$semihosting                      0x08000341   Thumb Code     0  use_no_semi.o(.text)
    __use_no_semihosting_swi                 0x08000341   Thumb Code     2  use_no_semi.o(.text)
    __aeabi_uldivmod                         0x08000343   Thumb Code     0  lludivv7m.o(.text)
    __semihosting_library_function           0x08000343   Thumb Code     0  indicate_semi.o(.text)
    _ll_udiv                                 0x08000343   Thumb Code   240  lludivv7m.o(.text)
    __aeabi_memcpy                           0x08000433   Thumb Code     0  rt_memcpy_v6.o(.text)
    __rt_memcpy                              0x08000433   Thumb Code   138  rt_memcpy_v6.o(.text)
    _memcpy_lastbytes                        0x08000499   Thumb Code     0  rt_memcpy_v6.o(.text)
    __aeabi_memset4                          0x080004bd   Thumb Code    16  aeabi_memset4.o(.text)
    __aeabi_memset8                          0x080004bd   Thumb Code     0  aeabi_memset4.o(.text)
    __aeabi_memcpy4                          0x080004cd   Thumb Code     0  rt_memcpy_w.o(.text)
    __aeabi_memcpy8                          0x080004cd   Thumb Code     0  rt_memcpy_w.o(.text)
    __rt_memcpy_w                            0x080004cd   Thumb Code   100  rt_memcpy_w.o(.text)
    _memcpy_lastbytes_aligned                0x08000515   Thumb Code     0  rt_memcpy_w.o(.text)
    __aeabi_memclr4                          0x08000531   Thumb Code     0  rt_memclr_w.o(.text)
    __aeabi_memclr8                          0x08000531   Thumb Code     0  rt_memclr_w.o(.text)
    __rt_memclr_w                            0x08000531   Thumb Code     0  rt_memclr_w.o(.text)
    _memset_w                                0x08000535   Thumb Code    74  rt_memclr_w.o(.text)
    BusFault_Handler                         0x08000581   Thumb Code     2  lto-llvm-3d926d.o(.text.BusFault_Handler)
    DMA1_Stream1_IRQHandler                  0x08000585   Thumb Code    12  lto-llvm-3d926d.o(.text.DMA1_Stream1_IRQHandler)
    DMA1_Stream3_IRQHandler                  0x08000591   Thumb Code    12  lto-llvm-3d926d.o(.text.DMA1_Stream3_IRQHandler)
    DMA2_Stream6_IRQHandler                  0x0800059d   Thumb Code    12  lto-llvm-3d926d.o(.text.DMA2_Stream6_IRQHandler)
    DebugMon_Handler                         0x080005a9   Thumb Code     2  lto-llvm-3d926d.o(.text.DebugMon_Handler)
    HardFault_Handler                        0x080013e5   Thumb Code     2  lto-llvm-3d926d.o(.text.HardFault_Handler)
    MemManage_Handler                        0x080013e9   Thumb Code     2  lto-llvm-3d926d.o(.text.MemManage_Handler)
    NMI_Handler                              0x080013ed   Thumb Code     2  lto-llvm-3d926d.o(.text.NMI_Handler)
    PendSV_Handler                           0x080013f1   Thumb Code   100  lto-llvm-3d926d.o(.text.PendSV_Handler)
    SVC_Handler                              0x08001461   Thumb Code    36  lto-llvm-3d926d.o(.text.SVC_Handler)
    SysTick_Handler                          0x08001485   Thumb Code    86  lto-llvm-3d926d.o(.text.SysTick_Handler)
    SystemInit                               0x080014dd   Thumb Code    18  lto-llvm-3d926d.o(.text.SystemInit)
    USART3_IRQHandler                        0x08001819   Thumb Code    12  lto-llvm-3d926d.o(.text.USART3_IRQHandler)
    USART6_IRQHandler                        0x08001825   Thumb Code    12  lto-llvm-3d926d.o(.text.USART6_IRQHandler)
    UsageFault_Handler                       0x08001831   Thumb Code     2  lto-llvm-3d926d.o(.text.UsageFault_Handler)
    main                                     0x08001835   Thumb Code  2852  lto-llvm-3d926d.o(.text.main)
    vTaskSwitchContext                       0x08003d11   Thumb Code   198  lto-llvm-3d926d.o(.text.vTaskSwitchContext)
    _fp_init                                 0x08004537   Thumb Code    26  fpinit.o(x$fpl$fpinit)
    __fplib_config_fpu_vfp                   0x0800454f   Thumb Code     0  fpinit.o(x$fpl$fpinit)
    __fplib_config_pureend_doubles           0x0800454f   Thumb Code     0  fpinit.o(x$fpl$fpinit)
    Region$$Table$$Base                      0x08004550   Number         0  anon$$obj.o(Region$$Table)
    Region$$Table$$Limit                     0x08004570   Number         0  anon$$obj.o(Region$$Table)
    __libspace_start                         0x20000020   Data          96  libspace.o(.bss)
    __temporary_stack_top$libspace           0x20000080   Data           0  libspace.o(.bss)



==============================================================================

Memory Map of the image

  Image Entry point : 0x080001ad

  Load Region LR_IROM1 (Base: 0x08000000, Size: 0x00004590, Max: 0x00200000, ABSOLUTE)

    Execution Region ER_IROM1 (Exec base: 0x08000000, Load base: 0x08000000, Size: 0x00004570, Max: 0x00200000, ABSOLUTE)

    Exec Addr    Load Addr    Size         Type   Attr      Idx    E Section Name        Object

    0x08000000   0x08000000   0x000001ac   Data   RO            3    RESET               startup_stm32f429xx.o
    0x080001ac   0x080001ac   0x00000008   Code   RO           51  * !!!main             c_w.l(__main.o)
    0x080001b4   0x080001b4   0x00000034   Code   RO          387    !!!scatter          c_w.l(__scatter.o)
    0x080001e8   0x080001e8   0x0000001a   Code   RO          389    !!handler_copy      c_w.l(__scatter_copy.o)
    0x08000202   0x08000202   0x00000002   PAD
    0x08000204   0x08000204   0x0000001c   Code   RO          391    !!handler_zi        c_w.l(__scatter_zi.o)
    0x08000220   0x08000220   0x00000002   Code   RO           78    .ARM.Collect$$libinit$$00000000  c_w.l(libinit.o)
    0x08000222   0x08000222   0x00000004   Code   RO           84    .ARM.Collect$$libinit$$00000001  c_w.l(libinit2.o)
    0x08000226   0x08000226   0x00000000   Code   RO           87    .ARM.Collect$$libinit$$00000004  c_w.l(libinit2.o)
    0x08000226   0x08000226   0x00000000   Code   RO           89    .ARM.Collect$$libinit$$00000006  c_w.l(libinit2.o)
    0x08000226   0x08000226   0x00000000   Code   RO           92    .ARM.Collect$$libinit$$0000000C  c_w.l(libinit2.o)
    0x08000226   0x08000226   0x00000000   Code   RO           94    .ARM.Collect$$libinit$$0000000E  c_w.l(libinit2.o)
    0x08000226   0x08000226   0x00000000   Code   RO           96    .ARM.Collect$$libinit$$00000010  c_w.l(libinit2.o)
    0x08000226   0x08000226   0x00000000   Code   RO           99    .ARM.Collect$$libinit$$00000013  c_w.l(libinit2.o)
    0x08000226   0x08000226   0x00000000   Code   RO          101    .ARM.Collect$$libinit$$00000015  c_w.l(libinit2.o)
    0x08000226   0x08000226   0x00000000   Code   RO          103    .ARM.Collect$$libinit$$00000017  c_w.l(libinit2.o)
    0x08000226   0x08000226   0x00000000   Code   RO          105    .ARM.Collect$$libinit$$00000019  c_w.l(libinit2.o)
    0x08000226   0x08000226   0x00000000   Code   RO          107    .ARM.Collect$$libinit$$0000001B  c_w.l(libinit2.o)
    0x08000226   0x08000226   0x00000000   Code   RO          109    .ARM.Collect$$libinit$$0000001D  c_w.l(libinit2.o)
    0x08000226   0x08000226   0x00000000   Code   RO          111    .ARM.Collect$$libinit$$0000001F  c_w.l(libinit2.o)
    0x08000226   0x08000226   0x00000000   Code   RO          113    .ARM.Collect$$libinit$$00000021  c_w.l(libinit2.o)
    0x08000226   0x08000226   0x00000000   Code   RO          115    .ARM.Collect$$libinit$$00000023  c_w.l(libinit2.o)
    0x08000226   0x08000226   0x00000000   Code   RO          117    .ARM.Collect$$libinit$$00000025  c_w.l(libinit2.o)
    0x08000226   0x08000226   0x00000000   Code   RO          119    .ARM.Collect$$libinit$$00000027  c_w.l(libinit2.o)
    0x08000226   0x08000226   0x00000000   Code   RO          123    .ARM.Collect$$libinit$$0000002E  c_w.l(libinit2.o)
    0x08000226   0x08000226   0x00000000   Code   RO          125    .ARM.Collect$$libinit$$00000030  c_w.l(libinit2.o)
    0x08000226   0x08000226   0x00000000   Code   RO          127    .ARM.Collect$$libinit$$00000032  c_w.l(libinit2.o)
    0x08000226   0x08000226   0x00000000   Code   RO          129    .ARM.Collect$$libinit$$00000034  c_w.l(libinit2.o)
    0x08000226   0x08000226   0x00000002   Code   RO          130    .ARM.Collect$$libinit$$00000035  c_w.l(libinit2.o)
    0x08000228   0x08000228   0x00000002   Code   RO          152    .ARM.Collect$$libshutdown$$00000000  c_w.l(libshutdown.o)
    0x0800022a   0x0800022a   0x00000000   Code   RO          167    .ARM.Collect$$libshutdown$$00000002  c_w.l(libshutdown2.o)
    0x0800022a   0x0800022a   0x00000000   Code   RO          169    .ARM.Collect$$libshutdown$$00000004  c_w.l(libshutdown2.o)
    0x0800022a   0x0800022a   0x00000000   Code   RO          172    .ARM.Collect$$libshutdown$$00000007  c_w.l(libshutdown2.o)
    0x0800022a   0x0800022a   0x00000000   Code   RO          175    .ARM.Collect$$libshutdown$$0000000A  c_w.l(libshutdown2.o)
    0x0800022a   0x0800022a   0x00000000   Code   RO          177    .ARM.Collect$$libshutdown$$0000000C  c_w.l(libshutdown2.o)
    0x0800022a   0x0800022a   0x00000000   Code   RO          180    .ARM.Collect$$libshutdown$$0000000F  c_w.l(libshutdown2.o)
    0x0800022a   0x0800022a   0x00000002   Code   RO          181    .ARM.Collect$$libshutdown$$00000010  c_w.l(libshutdown2.o)
    0x0800022c   0x0800022c   0x00000000   Code   RO           53    .ARM.Collect$$rtentry$$00000000  c_w.l(__rtentry.o)
    0x0800022c   0x0800022c   0x00000000   Code   RO           55    .ARM.Collect$$rtentry$$00000002  c_w.l(__rtentry2.o)
    0x0800022c   0x0800022c   0x00000006   Code   RO           67    .ARM.Collect$$rtentry$$00000004  c_w.l(__rtentry4.o)
    0x08000232   0x08000232   0x00000000   Code   RO           57    .ARM.Collect$$rtentry$$00000009  c_w.l(__rtentry2.o)
    0x08000232   0x08000232   0x00000004   Code   RO           58    .ARM.Collect$$rtentry$$0000000A  c_w.l(__rtentry2.o)
    0x08000236   0x08000236   0x00000000   Code   RO           60    .ARM.Collect$$rtentry$$0000000C  c_w.l(__rtentry2.o)
    0x08000236   0x08000236   0x00000008   Code   RO           61    .ARM.Collect$$rtentry$$0000000D  c_w.l(__rtentry2.o)
    0x0800023e   0x0800023e   0x00000002   Code   RO           82    .ARM.Collect$$rtexit$$00000000  c_w.l(rtexit.o)
    0x08000240   0x08000240   0x00000000   Code   RO          132    .ARM.Collect$$rtexit$$00000002  c_w.l(rtexit2.o)
    0x08000240   0x08000240   0x00000004   Code   RO          133    .ARM.Collect$$rtexit$$00000003  c_w.l(rtexit2.o)
    0x08000244   0x08000244   0x00000006   Code   RO          134    .ARM.Collect$$rtexit$$00000004  c_w.l(rtexit2.o)
    0x0800024a   0x0800024a   0x00000002   PAD
    0x0800024c   0x0800024c   0x00000040   Code   RO            4    .text               startup_stm32f429xx.o
    0x0800028c   0x0800028c   0x0000003e   Code   RO           47    .text               c_w.l(strlen.o)
    0x080002ca   0x080002ca   0x00000006   Code   RO           49    .text               c_w.l(heapauxi.o)
    0x080002d0   0x080002d0   0x0000004a   Code   RO           69    .text               c_w.l(sys_stackheap_outer.o)
    0x0800031a   0x0800031a   0x00000012   Code   RO           71    .text               c_w.l(exit.o)
    0x0800032c   0x0800032c   0x00000008   Code   RO           79    .text               c_w.l(libspace.o)
    0x08000334   0x08000334   0x0000000c   Code   RO          142    .text               c_w.l(sys_exit.o)
    0x08000340   0x08000340   0x00000002   Code   RO          157    .text               c_w.l(use_no_semi.o)
    0x08000342   0x08000342   0x00000000   Code   RO          159    .text               c_w.l(indicate_semi.o)
    0x08000342   0x08000342   0x000000f0   Code   RO          365    .text               c_w.l(lludivv7m.o)
    0x08000432   0x08000432   0x0000008a   Code   RO          367    .text               c_w.l(rt_memcpy_v6.o)
    0x080004bc   0x080004bc   0x00000010   Code   RO          369    .text               c_w.l(aeabi_memset4.o)
    0x080004cc   0x080004cc   0x00000064   Code   RO          375    .text               c_w.l(rt_memcpy_w.o)
    0x08000530   0x08000530   0x0000004e   Code   RO          377    .text               c_w.l(rt_memclr_w.o)
    0x0800057e   0x0800057e   0x00000002   PAD
    0x08000580   0x08000580   0x00000002   Code   RO          227    .text.BusFault_Handler  lto-llvm-3d926d.o
    0x08000582   0x08000582   0x00000002   PAD
    0x08000584   0x08000584   0x0000000c   Code   RO          235    .text.DMA1_Stream1_IRQHandler  lto-llvm-3d926d.o
    0x08000590   0x08000590   0x0000000c   Code   RO          237    .text.DMA1_Stream3_IRQHandler  lto-llvm-3d926d.o
    0x0800059c   0x0800059c   0x0000000c   Code   RO          241    .text.DMA2_Stream6_IRQHandler  lto-llvm-3d926d.o
    0x080005a8   0x080005a8   0x00000002   Code   RO          231    .text.DebugMon_Handler  lto-llvm-3d926d.o
    0x080005aa   0x080005aa   0x00000002   PAD
    0x080005ac   0x080005ac   0x000000ac   Code   RO          249    .text.HAL_DMA_Abort  lto-llvm-3d926d.o
    0x08000658   0x08000658   0x000001be   Code   RO          251    .text.HAL_DMA_IRQHandler  lto-llvm-3d926d.o
    0x08000816   0x08000816   0x00000002   PAD
    0x08000818   0x08000818   0x00000174   Code   RO          247    .text.HAL_DMA_Init  lto-llvm-3d926d.o
    0x0800098c   0x0800098c   0x000001a4   Code   RO          245    .text.HAL_GPIO_Init  lto-llvm-3d926d.o
    0x08000b30   0x08000b30   0x00000550   Code   RO          261    .text.HAL_UART_IRQHandler  lto-llvm-3d926d.o
    0x08001080   0x08001080   0x00000364   Code   RO          253    .text.HAL_UART_Init  lto-llvm-3d926d.o
    0x080013e4   0x080013e4   0x00000002   Code   RO          223    .text.HardFault_Handler  lto-llvm-3d926d.o
    0x080013e6   0x080013e6   0x00000002   PAD
    0x080013e8   0x080013e8   0x00000002   Code   RO          225    .text.MemManage_Handler  lto-llvm-3d926d.o
    0x080013ea   0x080013ea   0x00000002   PAD
    0x080013ec   0x080013ec   0x00000002   Code   RO          221    .text.NMI_Handler   lto-llvm-3d926d.o
    0x080013ee   0x080013ee   0x00000002   PAD
    0x080013f0   0x080013f0   0x00000064   Code   RO          301    .text.PendSV_Handler  lto-llvm-3d926d.o
    0x08001454   0x08001454   0x0000000c   PAD
    0x08001460   0x08001460   0x00000024   Code   RO          295    .text.SVC_Handler   lto-llvm-3d926d.o
    0x08001484   0x08001484   0x00000056   Code   RO          233    .text.SysTick_Handler  lto-llvm-3d926d.o
    0x080014da   0x080014da   0x00000002   PAD
    0x080014dc   0x080014dc   0x00000012   Code   RO          267    .text.SystemInit    lto-llvm-3d926d.o
    0x080014ee   0x080014ee   0x00000002   PAD
    0x080014f0   0x080014f0   0x0000000a   Code   RO          265    .text.UART_DMAAbortOnError  lto-llvm-3d926d.o
    0x080014fa   0x080014fa   0x00000002   PAD
    0x080014fc   0x080014fc   0x0000017a   Code   RO          259    .text.UART_DMAError  lto-llvm-3d926d.o
    0x08001676   0x08001676   0x00000002   PAD
    0x08001678   0x08001678   0x000000ac   Code   RO          255    .text.UART_DMATransmitCplt  lto-llvm-3d926d.o
    0x08001724   0x08001724   0x00000002   Code   RO          257    .text.UART_DMATxHalfCplt  lto-llvm-3d926d.o
    0x08001726   0x08001726   0x00000002   PAD
    0x08001728   0x08001728   0x000000f0   Code   RO          263    .text.UART_Receive_IT  lto-llvm-3d926d.o
    0x08001818   0x08001818   0x0000000c   Code   RO          239    .text.USART3_IRQHandler  lto-llvm-3d926d.o
    0x08001824   0x08001824   0x0000000c   Code   RO          243    .text.USART6_IRQHandler  lto-llvm-3d926d.o
    0x08001830   0x08001830   0x00000002   Code   RO          229    .text.UsageFault_Handler  lto-llvm-3d926d.o
    0x08001832   0x08001832   0x00000002   PAD
    0x08001834   0x08001834   0x00000b58   Code   RO          217    .text.main          lto-llvm-3d926d.o
    0x0800238c   0x0800238c   0x00000536   Code   RO          277    .text.prvAddNewTaskToReadyList  lto-llvm-3d926d.o
    0x080028c2   0x080028c2   0x00000002   PAD
    0x080028c4   0x080028c4   0x00000122   Code   RO          283    .text.prvIdleTask   lto-llvm-3d926d.o
    0x080029e6   0x080029e6   0x00000002   PAD
    0x080029e8   0x080029e8   0x00000136   Code   RO          275    .text.prvInitialiseNewTask  lto-llvm-3d926d.o
    0x08002b1e   0x08002b1e   0x00000002   PAD
    0x08002b20   0x08002b20   0x00000028   Code   RO          299    .text.prvPortStartFirstTask  lto-llvm-3d926d.o
    0x08002b48   0x08002b48   0x0000003e   Code   RO          293    .text.prvTaskExitError  lto-llvm-3d926d.o
    0x08002b86   0x08002b86   0x00000002   PAD
    0x08002b88   0x08002b88   0x0000097a   Code   RO          287    .text.prvTimerTask  lto-llvm-3d926d.o
    0x08003502   0x08003502   0x00000002   PAD
    0x08003504   0x08003504   0x0000014e   Code   RO          271    .text.prvUnlockQueue  lto-llvm-3d926d.o
    0x08003652   0x08003652   0x00000002   PAD
    0x08003654   0x08003654   0x00000218   Code   RO          289    .text.pvPortMalloc  lto-llvm-3d926d.o
    0x0800386c   0x0800386c   0x00000396   Code   RO          215    .text.taskSYN6288   lto-llvm-3d926d.o
    0x08003c02   0x08003c02   0x00000002   PAD
    0x08003c04   0x08003c04   0x00000014   Code   RO          297    .text.vPortEnableVFP  lto-llvm-3d926d.o
    0x08003c18   0x08003c18   0x000000f8   Code   RO          291    .text.vPortFree     lto-llvm-3d926d.o
    0x08003d10   0x08003d10   0x000000c6   Code   RO          273    .text.vTaskSwitchContext  lto-llvm-3d926d.o
    0x08003dd6   0x08003dd6   0x00000002   PAD
    0x08003dd8   0x08003dd8   0x00000232   Code   RO          269    .text.xQueueGenericSend  lto-llvm-3d926d.o
    0x0800400a   0x0800400a   0x00000002   PAD
    0x0800400c   0x0800400c   0x000001b2   Code   RO          281    .text.xTaskIncrementTick  lto-llvm-3d926d.o
    0x080041be   0x080041be   0x00000002   PAD
    0x080041c0   0x080041c0   0x000000f2   Code   RO          285    .text.xTaskRemoveFromEventList  lto-llvm-3d926d.o
    0x080042b2   0x080042b2   0x00000002   PAD
    0x080042b4   0x080042b4   0x00000282   Code   RO          279    .text.xTaskResumeAll  lto-llvm-3d926d.o
    0x08004536   0x08004536   0x0000001a   Code   RO          140    x$fpl$fpinit        fz_wm.l(fpinit.o)
    0x08004550   0x08004550   0x00000020   Data   RO          386    Region$$Table       anon$$obj.o


    Execution Region RW_IRAM2 (Exec base: 0x10000000, Load base: 0x08004590, Size: 0x00000000, Max: 0x00010000, ABSOLUTE)

    **** No section assigned to this execution region ****


    Execution Region RW_IRAM1 (Exec base: 0x20000000, Load base: 0x08004570, Size: 0x00005178, Max: 0x00030000, ABSOLUTE)

    Exec Addr    Load Addr    Size         Type   Attr      Idx    E Section Name        Object

    0x20000000   0x08004570   0x00000004   Data   RW          357    .data.SystemCoreClock  lto-llvm-3d926d.o
    0x20000004   0x08004574   0x00000018   Data   RW          303    .data.TTSData       lto-llvm-3d926d.o
    0x2000001c   0x0800458c   0x00000004   Data   RW          356    .data.uxCriticalNesting  lto-llvm-3d926d.o
    0x20000020        -       0x00000060   Zero   RW           80    .bss                c_w.l(libspace.o)
    0x20000080        -       0x00000004   Zero   RW          304    .bss.handleSYN6288  lto-llvm-3d926d.o
    0x20000084        -       0x00000060   Zero   RW          306    .bss.hdma_usart3_rx  lto-llvm-3d926d.o
    0x200000e4        -       0x00000060   Zero   RW          307    .bss.hdma_usart3_tx  lto-llvm-3d926d.o
    0x20000144        -       0x00000060   Zero   RW          309    .bss.hdma_usart6_tx  lto-llvm-3d926d.o
    0x200001a4        -       0x00000044   Zero   RW          308    .bss.huart3         lto-llvm-3d926d.o
    0x200001e8        -       0x00000044   Zero   RW          310    .bss.huart6         lto-llvm-3d926d.o
    0x2000022c        -       0x000000a0   Zero   RW          343    .bss.prvCheckForValidListAndQueue.ucStaticTimerQueueStorage  lto-llvm-3d926d.o
    0x200002cc        -       0x00000050   Zero   RW          342    .bss.prvCheckForValidListAndQueue.xStaticTimerQueue  lto-llvm-3d926d.o
    0x2000031c        -       0x00000004   Zero   RW          339    .bss.prvSampleTimeNow.xLastTime  lto-llvm-3d926d.o
    0x20000320        -       0x00000004   Zero   RW          314    .bss.pxCurrentTCB   lto-llvm-3d926d.o
    0x20000324        -       0x00000004   Zero   RW          337    .bss.pxCurrentTimerList  lto-llvm-3d926d.o
    0x20000328        -       0x00000004   Zero   RW          322    .bss.pxDelayedTaskList  lto-llvm-3d926d.o
    0x2000032c        -       0x00000004   Zero   RW          348    .bss.pxEnd          lto-llvm-3d926d.o
    0x20000330        -       0x00000004   Zero   RW          323    .bss.pxOverflowDelayedTaskList  lto-llvm-3d926d.o
    0x20000334        -       0x00000004   Zero   RW          338    .bss.pxOverflowTimerList  lto-llvm-3d926d.o
    0x20000338        -       0x00000460   Zero   RW          325    .bss.pxReadyTasksLists  lto-llvm-3d926d.o
    0x20000798        -       0x00003c00   Zero   RW          355    .bss.ucHeap         lto-llvm-3d926d.o
    0x20004398        -       0x00000004   Zero   RW          312    .bss.uwTick         lto-llvm-3d926d.o
    0x2000439c        -       0x00000001   Zero   RW          311    .bss.uwTickPrio     lto-llvm-3d926d.o
    0x2000439d   0x08004590   0x00000003   PAD
    0x200043a0        -       0x00000004   Zero   RW          318    .bss.uxCurrentNumberOfTasks  lto-llvm-3d926d.o
    0x200043a4        -       0x00000004   Zero   RW          317    .bss.uxDeletedTasksWaitingCleanUp  lto-llvm-3d926d.o
    0x200043a8        -       0x00000004   Zero   RW          320    .bss.uxSchedulerSuspended  lto-llvm-3d926d.o
    0x200043ac        -       0x00000004   Zero   RW          315    .bss.uxTaskNumber   lto-llvm-3d926d.o
    0x200043b0        -       0x00000004   Zero   RW          326    .bss.uxTopReadyPriority  lto-llvm-3d926d.o
    0x200043b4        -       0x00000200   Zero   RW          345    .bss.vApplicationGetIdleTaskMemory.Idle_Stack  lto-llvm-3d926d.o
    0x200045b4        -       0x0000005c   Zero   RW          344    .bss.vApplicationGetIdleTaskMemory.Idle_TCB  lto-llvm-3d926d.o
    0x20004610        -       0x00000400   Zero   RW          347    .bss.vApplicationGetTimerTaskMemory.Timer_Stack  lto-llvm-3d926d.o
    0x20004a10        -       0x0000005c   Zero   RW          346    .bss.vApplicationGetTimerTaskMemory.Timer_TCB  lto-llvm-3d926d.o
    0x20004a6c        -       0x00000014   Zero   RW          340    .bss.xActiveTimerList1  lto-llvm-3d926d.o
    0x20004a80        -       0x00000014   Zero   RW          341    .bss.xActiveTimerList2  lto-llvm-3d926d.o
    0x20004a94        -       0x00000001   Zero   RW          349    .bss.xBlockAllocatedBit  lto-llvm-3d926d.o
    0x20004a95   0x08004590   0x00000003   PAD
    0x20004a98        -       0x00000014   Zero   RW          333    .bss.xDelayedTaskList1  lto-llvm-3d926d.o
    0x20004aac        -       0x00000014   Zero   RW          334    .bss.xDelayedTaskList2  lto-llvm-3d926d.o
    0x20004ac0        -       0x00000004   Zero   RW          350    .bss.xFreeBytesRemaining  lto-llvm-3d926d.o
    0x20004ac4        -       0x00000004   Zero   RW          328    .bss.xIdleTaskHandle  lto-llvm-3d926d.o
    0x20004ac8        -       0x00000004   Zero   RW          352    .bss.xMinimumEverFreeBytesRemaining  lto-llvm-3d926d.o
    0x20004acc        -       0x00000004   Zero   RW          329    .bss.xNextTaskUnblockTime  lto-llvm-3d926d.o
    0x20004ad0        -       0x00000004   Zero   RW          332    .bss.xNumOfOverflows  lto-llvm-3d926d.o
    0x20004ad4        -       0x00000004   Zero   RW          353    .bss.xNumberOfSuccessfulAllocations  lto-llvm-3d926d.o
    0x20004ad8        -       0x00000004   Zero   RW          354    .bss.xNumberOfSuccessfulFrees  lto-llvm-3d926d.o
    0x20004adc        -       0x00000004   Zero   RW          331    .bss.xPendedTicks   lto-llvm-3d926d.o
    0x20004ae0        -       0x00000014   Zero   RW          327    .bss.xPendingReadyList  lto-llvm-3d926d.o
    0x20004af4        -       0x00000040   Zero   RW          313    .bss.xQueueRegistry  lto-llvm-3d926d.o
    0x20004b34        -       0x00000004   Zero   RW          319    .bss.xSchedulerRunning  lto-llvm-3d926d.o
    0x20004b38        -       0x00000008   Zero   RW          351    .bss.xStart         lto-llvm-3d926d.o
    0x20004b40        -       0x00000014   Zero   RW          324    .bss.xSuspendedTaskList  lto-llvm-3d926d.o
    0x20004b54        -       0x00000014   Zero   RW          316    .bss.xTasksWaitingTermination  lto-llvm-3d926d.o
    0x20004b68        -       0x00000004   Zero   RW          321    .bss.xTickCount     lto-llvm-3d926d.o
    0x20004b6c        -       0x00000004   Zero   RW          335    .bss.xTimerQueue    lto-llvm-3d926d.o
    0x20004b70        -       0x00000004   Zero   RW          336    .bss.xTimerTaskHandle  lto-llvm-3d926d.o
    0x20004b74        -       0x00000004   Zero   RW          330    .bss.xYieldPending  lto-llvm-3d926d.o
    0x20004b78        -       0x00000200   Zero   RW            2    HEAP                startup_stm32f429xx.o
    0x20004d78        -       0x00000400   Zero   RW            1    STACK               startup_stm32f429xx.o


==============================================================================

Image component sizes


      Code (inc. data)   RO Data    RW Data    ZI Data      Debug   Object Name

     16252         98          0         32      19186     104430   lto-llvm-3d926d.o
        64         26        428          0       1536        840   startup_stm32f429xx.o

    ----------------------------------------------------------------------
     16374        136        460         32      20728     105270   Object Totals
         0          0         32          0          0          0   (incl. Generated)
        58         12          0          0          6          0   (incl. Padding)

    ----------------------------------------------------------------------

      Code (inc. data)   RO Data    RW Data    ZI Data      Debug   Library Member Name

         8          0          0          0          0         68   __main.o
         0          0          0          0          0          0   __rtentry.o
        12          0          0          0          0          0   __rtentry2.o
         6          0          0          0          0          0   __rtentry4.o
        52          8          0          0          0          0   __scatter.o
        26          0          0          0          0          0   __scatter_copy.o
        28          0          0          0          0          0   __scatter_zi.o
        16          0          0          0          0         68   aeabi_memset4.o
        18          0          0          0          0         80   exit.o
         6          0          0          0          0        152   heapauxi.o
         0          0          0          0          0          0   indicate_semi.o
         2          0          0          0          0          0   libinit.o
         6          0          0          0          0          0   libinit2.o
         2          0          0          0          0          0   libshutdown.o
         2          0          0          0          0          0   libshutdown2.o
         8          4          0          0         96         68   libspace.o
       240          0          0          0          0        100   lludivv7m.o
        78          0          0          0          0         80   rt_memclr_w.o
       138          0          0          0          0         68   rt_memcpy_v6.o
       100          0          0          0          0         80   rt_memcpy_w.o
         2          0          0          0          0          0   rtexit.o
        10          0          0          0          0          0   rtexit2.o
        62          0          0          0          0         76   strlen.o
        12          4          0          0          0         68   sys_exit.o
        74          0          0          0          0         80   sys_stackheap_outer.o
         2          0          0          0          0         68   use_no_semi.o
        26          0          0          0          0        116   fpinit.o

    ----------------------------------------------------------------------
       942         16          0          0         96       1172   Library Totals
         6          0          0          0          0          0   (incl. Padding)

    ----------------------------------------------------------------------

      Code (inc. data)   RO Data    RW Data    ZI Data      Debug   Library Name

       910         16          0          0         96       1056   c_w.l
        26          0          0          0          0        116   fz_wm.l

    ----------------------------------------------------------------------
       942         16          0          0         96       1172   Library Totals

    ----------------------------------------------------------------------

==============================================================================


      Code (inc. data)   RO Data    RW Data    ZI Data      Debug   

     17316        152        460         32      20824     105974   Grand Totals
     17316        152        460         32      20824     105974   ELF Image Totals
     17316        152        460         32          0          0   ROM Totals

==============================================================================

    Total RO  Size (Code + RO Data)                17776 (  17.36kB)
    Total RW  Size (RW Data + ZI Data)             20856 (  20.37kB)
    Total ROM Size (Code + RO Data + RW Data)      17808 (  17.39kB)

==============================================================================

